Archive member included to satisfy reference by file (symbol)

/home/tpv/Ac6/SystemWorkbench/plugins/fr.ac6.mcu.externaltools.arm-none.linux64_1.15.0.201708311556/tools/compiler/bin/../lib/gcc/arm-none-eabi/6.3.1/../../../../arm-none-eabi/lib/thumb/v7-m/libc_nano.a(lib_a-atoi.o)
                              Src/esp8266.o (atoi)
/home/tpv/Ac6/SystemWorkbench/plugins/fr.ac6.mcu.externaltools.arm-none.linux64_1.15.0.201708311556/tools/compiler/bin/../lib/gcc/arm-none-eabi/6.3.1/../../../../arm-none-eabi/lib/thumb/v7-m/libc_nano.a(lib_a-exit.o)
                              /home/tpv/Ac6/SystemWorkbench/plugins/fr.ac6.mcu.externaltools.arm-none.linux64_1.15.0.201708311556/tools/compiler/bin/../lib/gcc/arm-none-eabi/6.3.1/../../../../arm-none-eabi/lib/thumb/v7-m/crt0.o (exit)
/home/tpv/Ac6/SystemWorkbench/plugins/fr.ac6.mcu.externaltools.arm-none.linux64_1.15.0.201708311556/tools/compiler/bin/../lib/gcc/arm-none-eabi/6.3.1/../../../../arm-none-eabi/lib/thumb/v7-m/libc_nano.a(lib_a-impure.o)
                              /home/tpv/Ac6/SystemWorkbench/plugins/fr.ac6.mcu.externaltools.arm-none.linux64_1.15.0.201708311556/tools/compiler/bin/../lib/gcc/arm-none-eabi/6.3.1/../../../../arm-none-eabi/lib/thumb/v7-m/libc_nano.a(lib_a-exit.o) (_global_impure_ptr)
/home/tpv/Ac6/SystemWorkbench/plugins/fr.ac6.mcu.externaltools.arm-none.linux64_1.15.0.201708311556/tools/compiler/bin/../lib/gcc/arm-none-eabi/6.3.1/../../../../arm-none-eabi/lib/thumb/v7-m/libc_nano.a(lib_a-init.o)
                              /home/tpv/Ac6/SystemWorkbench/plugins/fr.ac6.mcu.externaltools.arm-none.linux64_1.15.0.201708311556/tools/compiler/bin/../lib/gcc/arm-none-eabi/6.3.1/../../../../arm-none-eabi/lib/thumb/v7-m/crt0.o (__libc_init_array)
/home/tpv/Ac6/SystemWorkbench/plugins/fr.ac6.mcu.externaltools.arm-none.linux64_1.15.0.201708311556/tools/compiler/bin/../lib/gcc/arm-none-eabi/6.3.1/../../../../arm-none-eabi/lib/thumb/v7-m/libc_nano.a(lib_a-memcpy-stub.o)
                              Src/esp8266.o (memcpy)
/home/tpv/Ac6/SystemWorkbench/plugins/fr.ac6.mcu.externaltools.arm-none.linux64_1.15.0.201708311556/tools/compiler/bin/../lib/gcc/arm-none-eabi/6.3.1/../../../../arm-none-eabi/lib/thumb/v7-m/libc_nano.a(lib_a-memmove.o)
                              Src/esp8266.o (memmove)
/home/tpv/Ac6/SystemWorkbench/plugins/fr.ac6.mcu.externaltools.arm-none.linux64_1.15.0.201708311556/tools/compiler/bin/../lib/gcc/arm-none-eabi/6.3.1/../../../../arm-none-eabi/lib/thumb/v7-m/libc_nano.a(lib_a-memset.o)
                              /home/tpv/Ac6/SystemWorkbench/plugins/fr.ac6.mcu.externaltools.arm-none.linux64_1.15.0.201708311556/tools/compiler/bin/../lib/gcc/arm-none-eabi/6.3.1/../../../../arm-none-eabi/lib/thumb/v7-m/crt0.o (memset)
/home/tpv/Ac6/SystemWorkbench/plugins/fr.ac6.mcu.externaltools.arm-none.linux64_1.15.0.201708311556/tools/compiler/bin/../lib/gcc/arm-none-eabi/6.3.1/../../../../arm-none-eabi/lib/thumb/v7-m/libc_nano.a(lib_a-sprintf.o)
                              Src/dweet.o (sprintf)
/home/tpv/Ac6/SystemWorkbench/plugins/fr.ac6.mcu.externaltools.arm-none.linux64_1.15.0.201708311556/tools/compiler/bin/../lib/gcc/arm-none-eabi/6.3.1/../../../../arm-none-eabi/lib/thumb/v7-m/libc_nano.a(lib_a-strlen.o)
                              Src/dweet.o (strlen)
/home/tpv/Ac6/SystemWorkbench/plugins/fr.ac6.mcu.externaltools.arm-none.linux64_1.15.0.201708311556/tools/compiler/bin/../lib/gcc/arm-none-eabi/6.3.1/../../../../arm-none-eabi/lib/thumb/v7-m/libc_nano.a(lib_a-strncmp.o)
                              Src/esp8266.o (strncmp)
/home/tpv/Ac6/SystemWorkbench/plugins/fr.ac6.mcu.externaltools.arm-none.linux64_1.15.0.201708311556/tools/compiler/bin/../lib/gcc/arm-none-eabi/6.3.1/../../../../arm-none-eabi/lib/thumb/v7-m/libc_nano.a(lib_a-strncpy.o)
                              Src/esp8266.o (strncpy)
/home/tpv/Ac6/SystemWorkbench/plugins/fr.ac6.mcu.externaltools.arm-none.linux64_1.15.0.201708311556/tools/compiler/bin/../lib/gcc/arm-none-eabi/6.3.1/../../../../arm-none-eabi/lib/thumb/v7-m/libc_nano.a(lib_a-strstr.o)
                              Src/esp8266.o (strstr)
/home/tpv/Ac6/SystemWorkbench/plugins/fr.ac6.mcu.externaltools.arm-none.linux64_1.15.0.201708311556/tools/compiler/bin/../lib/gcc/arm-none-eabi/6.3.1/../../../../arm-none-eabi/lib/thumb/v7-m/libc_nano.a(lib_a-strtol.o)
                              /home/tpv/Ac6/SystemWorkbench/plugins/fr.ac6.mcu.externaltools.arm-none.linux64_1.15.0.201708311556/tools/compiler/bin/../lib/gcc/arm-none-eabi/6.3.1/../../../../arm-none-eabi/lib/thumb/v7-m/libc_nano.a(lib_a-atoi.o) (_strtol_r)
/home/tpv/Ac6/SystemWorkbench/plugins/fr.ac6.mcu.externaltools.arm-none.linux64_1.15.0.201708311556/tools/compiler/bin/../lib/gcc/arm-none-eabi/6.3.1/../../../../arm-none-eabi/lib/thumb/v7-m/libc_nano.a(lib_a-locale.o)
[...]
Memory Configuration

Name             Origin             Length             Attributes
RAM              0x0000000020000000 0x0000000000002800 xrw
FLASH            0x0000000008000000 0x0000000000008000 xr
*default*        0x0000000000000000 0xffffffffffffffff

Linker script and memory map

LOAD /home/tpv/Ac6/SystemWorkbench/plugins/fr.ac6.mcu.externaltools.arm-none.linux64_1.15.0.201708311556/tools/compiler/bin/../lib/gcc/arm-none-eabi/6.3.1/thumb/v7-m/crti.o
LOAD /home/tpv/Ac6/SystemWorkbench/plugins/fr.ac6.mcu.externaltools.arm-none.linux64_1.15.0.201708311556/tools/compiler/bin/../lib/gcc/arm-none-eabi/6.3.1/thumb/v7-m/crtbegin.o
LOAD /home/tpv/Ac6/SystemWorkbench/plugins/fr.ac6.mcu.externaltools.arm-none.linux64_1.15.0.201708311556/tools/compiler/bin/../lib/gcc/arm-none-eabi/6.3.1/../../../../arm-none-eabi/lib/thumb/v7-m/crt0.o
LOAD Drivers/STM32F1xx_HAL_Driver/Src/stm32f1xx_hal.o
LOAD Drivers/STM32F1xx_HAL_Driver/Src/stm32f1xx_hal_adc.o
LOAD Drivers/STM32F1xx_HAL_Driver/Src/stm32f1xx_hal_adc_ex.o
LOAD Drivers/STM32F1xx_HAL_Driver/Src/stm32f1xx_hal_cortex.o
LOAD Drivers/STM32F1xx_HAL_Driver/Src/stm32f1xx_hal_dma.o
LOAD Drivers/STM32F1xx_HAL_Driver/Src/stm32f1xx_hal_flash.o
LOAD Drivers/STM32F1xx_HAL_Driver/Src/stm32f1xx_hal_flash_ex.o
LOAD Drivers/STM32F1xx_HAL_Driver/Src/stm32f1xx_hal_gpio.o
LOAD Drivers/STM32F1xx_HAL_Driver/Src/stm32f1xx_hal_gpio_ex.o
LOAD Drivers/STM32F1xx_HAL_Driver/Src/stm32f1xx_hal_pwr.o
LOAD Drivers/STM32F1xx_HAL_Driver/Src/stm32f1xx_hal_rcc.o
LOAD Drivers/STM32F1xx_HAL_Driver/Src/stm32f1xx_hal_rcc_ex.o
LOAD Drivers/STM32F1xx_HAL_Driver/Src/stm32f1xx_hal_tim.o
LOAD Drivers/STM32F1xx_HAL_Driver/Src/stm32f1xx_hal_tim_ex.o
LOAD Drivers/STM32F1xx_HAL_Driver/Src/stm32f1xx_hal_uart.o
LOAD Src/adc.o
LOAD Src/circularbuffer.o
LOAD Src/dweet.o
LOAD Src/esp8266.o
LOAD Src/esp8266_ll.o
LOAD Src/gpio.o
LOAD Src/main.o
LOAD Src/stm32f1xx_hal_msp.o
LOAD Src/stm32f1xx_it.o
LOAD Src/system_stm32f1xx.o
LOAD Src/usart.o
LOAD Src/util.o
LOAD startup/startup_stm32f103x6.o
LOAD /home/tpv/Ac6/SystemWorkbench/plugins/fr.ac6.mcu.externaltools.arm-none.linux64_1.15.0.201708311556/tools/compiler/bin/../lib/gcc/arm-none-eabi/6.3.1/../../../../arm-none-eabi/lib/thumb/v7-m/libm.a
START GROUP
LOAD /home/tpv/Ac6/SystemWorkbench/plugins/fr.ac6.mcu.externaltools.arm-none.linux64_1.15.0.201708311556/tools/compiler/bin/../lib/gcc/arm-none-eabi/6.3.1/thumb/v7-m/libgcc.a
LOAD /home/tpv/Ac6/SystemWorkbench/plugins/fr.ac6.mcu.externaltools.arm-none.linux64_1.15.0.201708311556/tools/compiler/bin/../lib/gcc/arm-none-eabi/6.3.1/../../../../arm-none-eabi/lib/thumb/v7-m/libc_nano.a
END GROUP
START GROUP
LOAD /home/tpv/Ac6/SystemWorkbench/plugins/fr.ac6.mcu.externaltools.arm-none.linux64_1.15.0.201708311556/tools/compiler/bin/../lib/gcc/arm-none-eabi/6.3.1/thumb/v7-m/libgcc.a
LOAD /home/tpv/Ac6/SystemWorkbench/plugins/fr.ac6.mcu.externaltools.arm-none.linux64_1.15.0.201708311556/tools/compiler/bin/../lib/gcc/arm-none-eabi/6.3.1/../../../../arm-none-eabi/lib/thumb/v7-m/libc_nano.a
LOAD /home/tpv/Ac6/SystemWorkbench/plugins/fr.ac6.mcu.externaltools.arm-none.linux64_1.15.0.201708311556/tools/compiler/bin/../lib/gcc/arm-none-eabi/6.3.1/../../../../arm-none-eabi/lib/thumb/v7-m/libnosys.a
END GROUP
START GROUP
LOAD /home/tpv/Ac6/SystemWorkbench/plugins/fr.ac6.mcu.externaltools.arm-none.linux64_1.15.0.201708311556/tools/compiler/bin/../lib/gcc/arm-none-eabi/6.3.1/thumb/v7-m/libgcc.a
LOAD /home/tpv/Ac6/SystemWorkbench/plugins/fr.ac6.mcu.externaltools.arm-none.linux64_1.15.0.201708311556/tools/compiler/bin/../lib/gcc/arm-none-eabi/6.3.1/../../../../arm-none-eabi/lib/thumb/v7-m/libc_nano.a
LOAD /home/tpv/Ac6/SystemWorkbench/plugins/fr.ac6.mcu.externaltools.arm-none.linux64_1.15.0.201708311556/tools/compiler/bin/../lib/gcc/arm-none-eabi/6.3.1/../../../../arm-none-eabi/lib/thumb/v7-m/libnosys.a
END GROUP
LOAD /home/tpv/Ac6/SystemWorkbench/plugins/fr.ac6.mcu.externaltools.arm-none.linux64_1.15.0.201708311556/tools/compiler/bin/../lib/gcc/arm-none-eabi/6.3.1/thumb/v7-m/crtend.o
LOAD /home/tpv/Ac6/SystemWorkbench/plugins/fr.ac6.mcu.externaltools.arm-none.linux64_1.15.0.201708311556/tools/compiler/bin/../lib/gcc/arm-none-eabi/6.3.1/thumb/v7-m/crtn.o
                0x0000000020002800                _estack = 0x20002800
                0x0000000000000200                _Min_Heap_Size = 0x200
                0x0000000000000400                _Min_Stack_Size = 0x400

.isr_vector     0x0000000008000000      0x10c
                0x0000000008000000                . = ALIGN (0x4)
 *(.isr_vector)
 .isr_vector    0x0000000008000000      0x10c startup/startup_stm32f103x6.o
                0x0000000008000000                g_pfnVectors
                0x000000000800010c                . = ALIGN (0x4)

.text           0x000000000800010c     0x32d8
                0x000000000800010c                . = ALIGN (0x4)
 *(.text)
 .text          0x000000000800010c       0x6c /home/tpv/Ac6/SystemWorkbench/plugins/fr.ac6.mcu.externaltools.arm-none.linux64_1.15.0.201708311556/tools/compiler/bin/../lib/gcc/arm-none-eabi/6.3.1/thumb/v7-m/crtbegin.o
 .text          0x0000000008000178       0x10 /home/tpv/Ac6/SystemWorkbench/plugins/fr.ac6.mcu.externaltools.arm-none.linux64_1.15.0.201708311556/tools/compiler/bin/../lib/gcc/arm-none-eabi/6.3.1/../../../../arm-none-eabi/lib/thumb/v7-m/libc_nano.a(lib_a-strlen.o)
                0x0000000008000178                strlen
 *(.text*)
 .text.HAL_InitTick
                0x0000000008000188       0x48 Drivers/STM32F1xx_HAL_Driver/Src/stm32f1xx_hal.o
                0x0000000008000188                HAL_InitTick
 .text.HAL_Init
                0x00000000080001d0       0x24 Drivers/STM32F1xx_HAL_Driver/Src/stm32f1xx_hal.o
                0x00000000080001d0                HAL_Init
 .text.HAL_IncTick
                0x00000000080001f4       0x18 Drivers/STM32F1xx_HAL_Driver/Src/stm32f1xx_hal.o
                0x00000000080001f4                HAL_IncTick
 .text.HAL_GetTick
                0x000000000800020c        0xc Drivers/STM32F1xx_HAL_Driver/Src/stm32f1xx_hal.o
                0x000000000800020c                HAL_GetTick
 .text.HAL_Delay
                0x0000000008000218       0x28 Drivers/STM32F1xx_HAL_Driver/Src/stm32f1xx_hal.o
                0x0000000008000218                HAL_Delay
 .text.HAL_ADC_PollForConversion
                0x0000000008000240      0x194 Drivers/STM32F1xx_HAL_Driver/Src/stm32f1xx_hal_adc.o
                0x0000000008000240                HAL_ADC_PollForConversion
 .text.HAL_ADC_GetValue
                0x00000000080003d4       0x2c Drivers/STM32F1xx_HAL_Driver/Src/stm32f1xx_hal_adc.o
                0x00000000080003d4                HAL_ADC_GetValue
 .text.HAL_ADC_ConfigChannel
                0x0000000008000400      0x190 Drivers/STM32F1xx_HAL_Driver/Src/stm32f1xx_hal_adc.o
                0x0000000008000400                HAL_ADC_ConfigChannel
 .text.ADC_Enable
                0x0000000008000590       0x80 Drivers/STM32F1xx_HAL_Driver/Src/stm32f1xx_hal_adc.o
                0x0000000008000590                ADC_Enable
 .text.HAL_ADC_Start
                0x0000000008000610      0x10c Drivers/STM32F1xx_HAL_Driver/Src/stm32f1xx_hal_adc.o
                0x0000000008000610                HAL_ADC_Start
 .text.ADC_ConversionStop_Disable
                0x000000000800071c       0x4c Drivers/STM32F1xx_HAL_Driver/Src/stm32f1xx_hal_adc.o
                0x000000000800071c                ADC_ConversionStop_Disable
 .text.HAL_ADC_Init
                0x0000000008000768      0x1e0 Drivers/STM32F1xx_HAL_Driver/Src/stm32f1xx_hal_adc.o
                0x0000000008000768                HAL_ADC_Init
 .text.HAL_NVIC_SetPriorityGrouping
                0x0000000008000948       0x3c Drivers/STM32F1xx_HAL_Driver/Src/stm32f1xx_hal_cortex.o
                0x0000000008000948                HAL_NVIC_SetPriorityGrouping
 .text.HAL_NVIC_SetPriority
                0x0000000008000984       0x88 Drivers/STM32F1xx_HAL_Driver/Src/stm32f1xx_hal_cortex.o
                0x0000000008000984                HAL_NVIC_SetPriority
 .text.HAL_NVIC_EnableIRQ
                0x0000000008000a0c       0x2c Drivers/STM32F1xx_HAL_Driver/Src/stm32f1xx_hal_cortex.o
                0x0000000008000a0c                HAL_NVIC_EnableIRQ
 .text.HAL_SYSTICK_Config
                0x0000000008000a38       0x2c Drivers/STM32F1xx_HAL_Driver/Src/stm32f1xx_hal_cortex.o
                0x0000000008000a38                HAL_SYSTICK_Config
 .text.HAL_SYSTICK_CLKSourceConfig
                0x0000000008000a64       0x3c Drivers/STM32F1xx_HAL_Driver/Src/stm32f1xx_hal_cortex.o
                0x0000000008000a64                HAL_SYSTICK_CLKSourceConfig
 .text.HAL_SYSTICK_Callback
                0x0000000008000aa0        0x2 Drivers/STM32F1xx_HAL_Driver/Src/stm32f1xx_hal_cortex.o
                0x0000000008000aa0                HAL_SYSTICK_Callback
 .text.HAL_SYSTICK_IRQHandler
                0x0000000008000aa2        0x8 Drivers/STM32F1xx_HAL_Driver/Src/stm32f1xx_hal_cortex.o
                0x0000000008000aa2                HAL_SYSTICK_IRQHandler
 *fill*         0x0000000008000aaa        0x2 
 .text.HAL_DMA_Abort_IT
                0x0000000008000aac       0x98 Drivers/STM32F1xx_HAL_Driver/Src/stm32f1xx_hal_dma.o
                0x0000000008000aac                HAL_DMA_Abort_IT
 .text.HAL_GPIO_Init
                0x0000000008000b44      0x308 Drivers/STM32F1xx_HAL_Driver/Src/stm32f1xx_hal_gpio.o
                0x0000000008000b44                HAL_GPIO_Init
 .text.HAL_GPIO_ReadPin
                0x0000000008000e4c       0x28 Drivers/STM32F1xx_HAL_Driver/Src/stm32f1xx_hal_gpio.o
                0x0000000008000e4c                HAL_GPIO_ReadPin
 .text.HAL_GPIO_WritePin
                0x0000000008000e74       0x34 Drivers/STM32F1xx_HAL_Driver/Src/stm32f1xx_hal_gpio.o
                0x0000000008000e74                HAL_GPIO_WritePin
 .text.RCC_Delay
                0x0000000008000ea8       0x2c Drivers/STM32F1xx_HAL_Driver/Src/stm32f1xx_hal_rcc.o
 .text.HAL_RCC_OscConfig
                0x0000000008000ed4      0x518 Drivers/STM32F1xx_HAL_Driver/Src/stm32f1xx_hal_rcc.o
                0x0000000008000ed4                HAL_RCC_OscConfig
 .text.HAL_RCC_GetSysClockFreq
                0x00000000080013ec       0x6c Drivers/STM32F1xx_HAL_Driver/Src/stm32f1xx_hal_rcc.o
                0x00000000080013ec                HAL_RCC_GetSysClockFreq
 .text.HAL_RCC_ClockConfig
                0x0000000008001458      0x23c Drivers/STM32F1xx_HAL_Driver/Src/stm32f1xx_hal_rcc.o
                0x0000000008001458                HAL_RCC_ClockConfig
 .text.HAL_RCC_GetHCLKFreq
                0x0000000008001694        0xc Drivers/STM32F1xx_HAL_Driver/Src/stm32f1xx_hal_rcc.o
                0x0000000008001694                HAL_RCC_GetHCLKFreq
 .text.HAL_RCC_GetPCLK1Freq
                0x00000000080016a0       0x20 Drivers/STM32F1xx_HAL_Driver/Src/stm32f1xx_hal_rcc.o
                0x00000000080016a0                HAL_RCC_GetPCLK1Freq
 .text.HAL_RCC_GetPCLK2Freq
                0x00000000080016c0       0x20 Drivers/STM32F1xx_HAL_Driver/Src/stm32f1xx_hal_rcc.o
                0x00000000080016c0                HAL_RCC_GetPCLK2Freq
 .text.HAL_RCCEx_PeriphCLKConfig
                0x00000000080016e0      0x17c Drivers/STM32F1xx_HAL_Driver/Src/stm32f1xx_hal_rcc_ex.o
                0x00000000080016e0                HAL_RCCEx_PeriphCLKConfig
 .text.HAL_RCCEx_GetPeriphCLKFreq
                0x000000000800185c      0x114 Drivers/STM32F1xx_HAL_Driver/Src/stm32f1xx_hal_rcc_ex.o
                0x000000000800185c                HAL_RCCEx_GetPeriphCLKFreq
 .text.UART_EndRxTransfer
                0x0000000008001970       0x1c Drivers/STM32F1xx_HAL_Driver/Src/stm32f1xx_hal_uart.o
 .text.UART_Transmit_IT
                0x000000000800198c       0x6a Drivers/STM32F1xx_HAL_Driver/Src/stm32f1xx_hal_uart.o
 *fill*         0x00000000080019f6        0x2 
 .text.UART_SetConfig
                0x00000000080019f8      0x210 Drivers/STM32F1xx_HAL_Driver/Src/stm32f1xx_hal_uart.o
 .text.UART_WaitOnFlagUntilTimeout
                0x0000000008001c08       0x64 Drivers/STM32F1xx_HAL_Driver/Src/stm32f1xx_hal_uart.o
 .text.HAL_UART_Init
                0x0000000008001c6c       0xd8 Drivers/STM32F1xx_HAL_Driver/Src/stm32f1xx_hal_uart.o
                0x0000000008001c6c                HAL_UART_Init
 .text.HAL_UART_Transmit
                0x0000000008001d44       0xe2 Drivers/STM32F1xx_HAL_Driver/Src/stm32f1xx_hal_uart.o
                0x0000000008001d44                HAL_UART_Transmit
 .text.HAL_UART_Receive_IT
                0x0000000008001e26       0x5c Drivers/STM32F1xx_HAL_Driver/Src/stm32f1xx_hal_uart.o
                0x0000000008001e26                HAL_UART_Receive_IT
 .text.HAL_UART_TxCpltCallback
                0x0000000008001e82        0x2 Drivers/STM32F1xx_HAL_Driver/Src/stm32f1xx_hal_uart.o
                0x0000000008001e82                HAL_UART_TxCpltCallback
 .text.UART_EndTransmit_IT
                0x0000000008001e84       0x1a Drivers/STM32F1xx_HAL_Driver/Src/stm32f1xx_hal_uart.o
 .text.UART_Receive_IT
                0x0000000008001e9e       0x9e Drivers/STM32F1xx_HAL_Driver/Src/stm32f1xx_hal_uart.o
 .text.HAL_UART_ErrorCallback
                0x0000000008001f3c        0x2 Drivers/STM32F1xx_HAL_Driver/Src/stm32f1xx_hal_uart.o
                0x0000000008001f3c                HAL_UART_ErrorCallback
 *fill*         0x0000000008001f3e        0x2 
 .text.HAL_UART_IRQHandler
                0x0000000008001f40      0x120 Drivers/STM32F1xx_HAL_Driver/Src/stm32f1xx_hal_uart.o
                0x0000000008001f40                HAL_UART_IRQHandler
 .text.UART_DMAAbortOnError
                0x0000000008002060       0x10 Drivers/STM32F1xx_HAL_Driver/Src/stm32f1xx_hal_uart.o
 .text.MX_ADC1_Init
                0x0000000008002070       0x60 Src/adc.o
                0x0000000008002070                MX_ADC1_Init
 .text.HAL_ADC_MspInit
                0x00000000080020d0       0x44 Src/adc.o
                0x00000000080020d0                HAL_ADC_MspInit
 .text.dweetsend
                0x0000000008002114       0x98 Src/dweet.o
                0x0000000008002114                dweetsend
 .text.Read_Response
                0x00000000080021ac       0xcc Src/esp8266.o
                0x00000000080021ac                Read_Response
 .text.ESP8266_Clear
                0x0000000008002278       0x20 Src/esp8266.o
                0x0000000008002278                ESP8266_Clear
 .text.Start_Read_Response
                0x0000000008002298       0x20 Src/esp8266.o
                0x0000000008002298                Start_Read_Response
 .text.WaitForExpectedResponse
                0x00000000080022b8       0x34 Src/esp8266.o
                0x00000000080022b8                WaitForExpectedResponse
 .text.SendATandExpectResponse
                0x00000000080022ec       0x24 Src/esp8266.o
                0x00000000080022ec                SendATandExpectResponse
 .text.ESP8266_ApplicationMode
                0x0000000008002310       0x34 Src/esp8266.o
                0x0000000008002310                ESP8266_ApplicationMode
 .text.ESP8266_ConnectionMode
                0x0000000008002344       0x34 Src/esp8266.o
                0x0000000008002344                ESP8266_ConnectionMode
 .text.ESP8266_Begin
                0x0000000008002378       0x28 Src/esp8266.o
                0x0000000008002378                ESP8266_Begin
 .text.ESP8266_Close
                0x00000000080023a0       0x14 Src/esp8266.o
                0x00000000080023a0                ESP8266_Close
 .text.ESP8266_WIFIMode
                0x00000000080023b4       0x34 Src/esp8266.o
                0x00000000080023b4                ESP8266_WIFIMode
 .text.ESP8266_JoinAccessPoint
                0x00000000080023e8       0x8c Src/esp8266.o
                0x00000000080023e8                ESP8266_JoinAccessPoint
 .text.ESP8266_Conect_To_Server
                0x0000000008002474       0x78 Src/esp8266.o
                0x0000000008002474                ESP8266_Conect_To_Server
 .text.ESP8266_Send
                0x00000000080024ec       0x64 Src/esp8266.o
                0x00000000080024ec                ESP8266_Send
 .text.ESP8266_DataAvailable
                0x0000000008002550       0x10 Src/esp8266.o
                0x0000000008002550                ESP8266_DataAvailable
 .text.ESP8266_DataRead
                0x0000000008002560       0x34 Src/esp8266.o
                0x0000000008002560                ESP8266_DataRead
 .text.Read_Data
                0x0000000008002594       0x20 Src/esp8266.o
                0x0000000008002594                Read_Data
 .text.HAL_UART_RxCpltCallback
                0x00000000080025b4       0x48 Src/esp8266.o
                0x00000000080025b4                HAL_UART_RxCpltCallback
 .text.esp8266_reset_hw
                0x00000000080025fc       0x2c Src/esp8266_ll.o
                0x00000000080025fc                esp8266_reset_hw
 .text._esp8266_putch
                0x0000000008002628       0x20 Src/esp8266_ll.o
                0x0000000008002628                _esp8266_putch
 .text._esp8266_print
                0x0000000008002648       0x14 Src/esp8266_ll.o
                0x0000000008002648                _esp8266_print
 .text.MX_GPIO_Init
                0x000000000800265c       0xdc Src/gpio.o
                0x000000000800265c                MX_GPIO_Init
 .text._Error_Handler
                0x0000000008002738        0x2 Src/main.o
                0x0000000008002738                _Error_Handler
 *fill*         0x000000000800273a        0x2 
 .text.SystemClock_Config
                0x000000000800273c       0x8c Src/main.o
                0x000000000800273c                SystemClock_Config
 .text.main     0x00000000080027c8       0xbc Src/main.o
                0x00000000080027c8                main
 .text.assert_failed
                0x0000000008002884        0x2 Src/main.o
                0x0000000008002884                assert_failed
 *fill*         0x0000000008002886        0x2 
 .text.HAL_MspInit
                0x0000000008002888       0x8c Src/stm32f1xx_hal_msp.o
                0x0000000008002888                HAL_MspInit
 .text.NMI_Handler
                0x0000000008002914        0x2 Src/stm32f1xx_it.o
                0x0000000008002914                NMI_Handler
 .text.HardFault_Handler
                0x0000000008002916        0x2 Src/stm32f1xx_it.o
                0x0000000008002916                HardFault_Handler
 .text.MemManage_Handler
                0x0000000008002918        0x2 Src/stm32f1xx_it.o
                0x0000000008002918                MemManage_Handler
 .text.BusFault_Handler
                0x000000000800291a        0x2 Src/stm32f1xx_it.o
                0x000000000800291a                BusFault_Handler
 .text.UsageFault_Handler
                0x000000000800291c        0x2 Src/stm32f1xx_it.o
                0x000000000800291c                UsageFault_Handler
 .text.SVC_Handler
                0x000000000800291e        0x2 Src/stm32f1xx_it.o
                0x000000000800291e                SVC_Handler
 .text.DebugMon_Handler
                0x0000000008002920        0x2 Src/stm32f1xx_it.o
                0x0000000008002920                DebugMon_Handler
 .text.PendSV_Handler
                0x0000000008002922        0x2 Src/stm32f1xx_it.o
                0x0000000008002922                PendSV_Handler
 .text.SysTick_Handler
                0x0000000008002924        0xc Src/stm32f1xx_it.o
                0x0000000008002924                SysTick_Handler
 .text.USART2_IRQHandler
                0x0000000008002930       0x10 Src/stm32f1xx_it.o
                0x0000000008002930                USART2_IRQHandler
 .text.SystemInit
                0x0000000008002940       0x4c Src/system_stm32f1xx.o
                0x0000000008002940                SystemInit
 .text.MX_USART2_UART_Init
                0x000000000800298c       0x3c Src/usart.o
                0x000000000800298c                MX_USART2_UART_Init
 .text.HAL_UART_MspInit
                0x00000000080029c8       0x6c Src/usart.o
                0x00000000080029c8                HAL_UART_MspInit
 .text.match    0x0000000008002a34       0x26 Src/util.o
                0x0000000008002a34                match
 *fill*         0x0000000008002a5a        0x2 
 .text.Reset_Handler
                0x0000000008002a5c       0x48 startup/startup_stm32f103x6.o
                0x0000000008002a5c                Reset_Handler
 .text.Default_Handler
                0x0000000008002aa4        0x2 startup/startup_stm32f103x6.o
                0x0000000008002aa4                RTC_Alarm_IRQHandler
                0x0000000008002aa4                EXTI2_IRQHandler
                0x0000000008002aa4                TIM1_CC_IRQHandler
                0x0000000008002aa4                PVD_IRQHandler
                0x0000000008002aa4                EXTI3_IRQHandler
                0x0000000008002aa4                EXTI0_IRQHandler
                0x0000000008002aa4                ADC1_2_IRQHandler
                0x0000000008002aa4                SPI1_IRQHandler
                0x0000000008002aa4                TAMPER_IRQHandler
                0x0000000008002aa4                DMA1_Channel4_IRQHandler
                0x0000000008002aa4                RTC_IRQHandler
                0x0000000008002aa4                DMA1_Channel7_IRQHandler
                0x0000000008002aa4                CAN1_RX1_IRQHandler
                0x0000000008002aa4                I2C1_EV_IRQHandler
                0x0000000008002aa4                DMA1_Channel6_IRQHandler
                0x0000000008002aa4                TIM3_IRQHandler
                0x0000000008002aa4                RCC_IRQHandler
                0x0000000008002aa4                TIM1_TRG_COM_IRQHandler
                0x0000000008002aa4                DMA1_Channel1_IRQHandler
                0x0000000008002aa4                Default_Handler
                0x0000000008002aa4                EXTI15_10_IRQHandler
                0x0000000008002aa4                EXTI9_5_IRQHandler
                0x0000000008002aa4                DMA1_Channel5_IRQHandler
                0x0000000008002aa4                EXTI4_IRQHandler
                0x0000000008002aa4                USB_LP_CAN1_RX0_IRQHandler
                0x0000000008002aa4                USB_HP_CAN1_TX_IRQHandler
                0x0000000008002aa4                DMA1_Channel3_IRQHandler
                0x0000000008002aa4                TIM1_UP_IRQHandler
                0x0000000008002aa4                WWDG_IRQHandler
                0x0000000008002aa4                TIM2_IRQHandler
                0x0000000008002aa4                TIM1_BRK_IRQHandler
                0x0000000008002aa4                EXTI1_IRQHandler
                0x0000000008002aa4                DMA1_Channel2_IRQHandler
                0x0000000008002aa4                CAN1_SCE_IRQHandler
                0x0000000008002aa4                FLASH_IRQHandler
                0x0000000008002aa4                USART1_IRQHandler
                0x0000000008002aa4                I2C1_ER_IRQHandler
                0x0000000008002aa4                USBWakeUp_IRQHandler
 *fill*         0x0000000008002aa6        0x2 
 .text.__libc_init_array
                0x0000000008002aa8       0x48 /home/tpv/Ac6/SystemWorkbench/plugins/fr.ac6.mcu.externaltools.arm-none.linux64_1.15.0.201708311556/tools/compiler/bin/../lib/gcc/arm-none-eabi/6.3.1/../../../../arm-none-eabi/lib/thumb/v7-m/libc_nano.a(lib_a-init.o)
                0x0000000008002aa8                __libc_init_array
 .text.memcpy   0x0000000008002af0       0x16 /home/tpv/Ac6/SystemWorkbench/plugins/fr.ac6.mcu.externaltools.arm-none.linux64_1.15.0.201708311556/tools/compiler/bin/../lib/gcc/arm-none-eabi/6.3.1/../../../../arm-none-eabi/lib/thumb/v7-m/libc_nano.a(lib_a-memcpy-stub.o)
                0x0000000008002af0                memcpy
 .text.memmove  0x0000000008002b06       0x34 /home/tpv/Ac6/SystemWorkbench/plugins/fr.ac6.mcu.externaltools.arm-none.linux64_1.15.0.201708311556/tools/compiler/bin/../lib/gcc/arm-none-eabi/6.3.1/../../../../arm-none-eabi/lib/thumb/v7-m/libc_nano.a(lib_a-memmove.o)
                0x0000000008002b06                memmove
 .text.memset   0x0000000008002b3a       0x10 /home/tpv/Ac6/SystemWorkbench/plugins/fr.ac6.mcu.externaltools.arm-none.linux64_1.15.0.201708311556/tools/compiler/bin/../lib/gcc/arm-none-eabi/6.3.1/../../../../arm-none-eabi/lib/thumb/v7-m/libc_nano.a(lib_a-memset.o)
                0x0000000008002b3a                memset
 *fill*         0x0000000008002b4a        0x2 
 .text.sprintf  0x0000000008002b4c       0x48 /home/tpv/Ac6/SystemWorkbench/plugins/fr.ac6.mcu.externaltools.arm-none.linux64_1.15.0.201708311556/tools/compiler/bin/../lib/gcc/arm-none-eabi/6.3.1/../../../../arm-none-eabi/lib/thumb/v7-m/libc_nano.a(lib_a-sprintf.o)
                0x0000000008002b4c                sprintf
                0x0000000008002b4c                siprintf
 .text.strncmp  0x0000000008002b94       0x24 /home/tpv/Ac6/SystemWorkbench/plugins/fr.ac6.mcu.externaltools.arm-none.linux64_1.15.0.201708311556/tools/compiler/bin/../lib/gcc/arm-none-eabi/6.3.1/../../../../arm-none-eabi/lib/thumb/v7-m/libc_nano.a(lib_a-strncmp.o)
                0x0000000008002b94                strncmp
 .text.strstr   0x0000000008002bb8       0x36 /home/tpv/Ac6/SystemWorkbench/plugins/fr.ac6.mcu.externaltools.arm-none.linux64_1.15.0.201708311556/tools/compiler/bin/../lib/gcc/arm-none-eabi/6.3.1/../../../../arm-none-eabi/lib/thumb/v7-m/libc_nano.a(lib_a-strstr.o)
                0x0000000008002bb8                strstr
 .text.__ssputs_r
                0x0000000008002bee       0xb6 /home/tpv/Ac6/SystemWorkbench/plugins/fr.ac6.mcu.externaltools.arm-none.linux64_1.15.0.201708311556/tools/compiler/bin/../lib/gcc/arm-none-eabi/6.3.1/../../../../arm-none-eabi/lib/thumb/v7-m/libc_nano.a(lib_a-nano-svfprintf.o)
                0x0000000008002bee                __ssputs_r
 .text._svfprintf_r
                0x0000000008002ca4      0x1e8 /home/tpv/Ac6/SystemWorkbench/plugins/fr.ac6.mcu.externaltools.arm-none.linux64_1.15.0.201708311556/tools/compiler/bin/../lib/gcc/arm-none-eabi/6.3.1/../../../../arm-none-eabi/lib/thumb/v7-m/libc_nano.a(lib_a-nano-svfprintf.o)
                0x0000000008002ca4                _svfprintf_r
                0x0000000008002ca4                _svfiprintf_r
 .text._printf_common
                0x0000000008002e8c       0xee /home/tpv/Ac6/SystemWorkbench/plugins/fr.ac6.mcu.externaltools.arm-none.linux64_1.15.0.201708311556/tools/compiler/bin/../lib/gcc/arm-none-eabi/6.3.1/../../../../arm-none-eabi/lib/thumb/v7-m/libc_nano.a(lib_a-nano-vfprintf_i.o)
                0x0000000008002e8c                _printf_common
 *fill*         0x0000000008002f7a        0x2 
 .text._printf_i
                0x0000000008002f7c      0x240 /home/tpv/Ac6/SystemWorkbench/plugins/fr.ac6.mcu.externaltools.arm-none.linux64_1.15.0.201708311556/tools/compiler/bin/../lib/gcc/arm-none-eabi/6.3.1/../../../../arm-none-eabi/lib/thumb/v7-m/libc_nano.a(lib_a-nano-vfprintf_i.o)
                0x0000000008002f7c                _printf_i
 .text.memchr   0x00000000080031bc       0x1c /home/tpv/Ac6/SystemWorkbench/plugins/fr.ac6.mcu.externaltools.arm-none.linux64_1.15.0.201708311556/tools/compiler/bin/../lib/gcc/arm-none-eabi/6.3.1/../../../../arm-none-eabi/lib/thumb/v7-m/libc_nano.a(lib_a-memchr-stub.o)
                0x00000000080031bc                memchr
 .text._free_r  0x00000000080031d8       0x98 /home/tpv/Ac6/SystemWorkbench/plugins/fr.ac6.mcu.externaltools.arm-none.linux64_1.15.0.201708311556/tools/compiler/bin/../lib/gcc/arm-none-eabi/6.3.1/../../../../arm-none-eabi/lib/thumb/v7-m/libc_nano.a(lib_a-nano-freer.o)
                0x00000000080031d8                _free_r
 .text._malloc_r
                0x0000000008003270       0xbc /home/tpv/Ac6/SystemWorkbench/plugins/fr.ac6.mcu.externaltools.arm-none.linux64_1.15.0.201708311556/tools/compiler/bin/../lib/gcc/arm-none-eabi/6.3.1/../../../../arm-none-eabi/lib/thumb/v7-m/libc_nano.a(lib_a-nano-mallocr.o)
                0x0000000008003270                _malloc_r
 .text._realloc_r
                0x000000000800332c       0x4c /home/tpv/Ac6/SystemWorkbench/plugins/fr.ac6.mcu.externaltools.arm-none.linux64_1.15.0.201708311556/tools/compiler/bin/../lib/gcc/arm-none-eabi/6.3.1/../../../../arm-none-eabi/lib/thumb/v7-m/libc_nano.a(lib_a-nano-reallocr.o)
                0x000000000800332c                _realloc_r
 .text._sbrk_r  0x0000000008003378       0x20 /home/tpv/Ac6/SystemWorkbench/plugins/fr.ac6.mcu.externaltools.arm-none.linux64_1.15.0.201708311556/tools/compiler/bin/../lib/gcc/arm-none-eabi/6.3.1/../../../../arm-none-eabi/lib/thumb/v7-m/libc_nano.a(lib_a-sbrkr.o)
                0x0000000008003378                _sbrk_r
 .text.__malloc_lock
                0x0000000008003398        0x2 /home/tpv/Ac6/SystemWorkbench/plugins/fr.ac6.mcu.externaltools.arm-none.linux64_1.15.0.201708311556/tools/compiler/bin/../lib/gcc/arm-none-eabi/6.3.1/../../../../arm-none-eabi/lib/thumb/v7-m/libc_nano.a(lib_a-mlock.o)
                0x0000000008003398                __malloc_lock
 .text.__malloc_unlock
                0x000000000800339a        0x2 /home/tpv/Ac6/SystemWorkbench/plugins/fr.ac6.mcu.externaltools.arm-none.linux64_1.15.0.201708311556/tools/compiler/bin/../lib/gcc/arm-none-eabi/6.3.1/../../../../arm-none-eabi/lib/thumb/v7-m/libc_nano.a(lib_a-mlock.o)
                0x000000000800339a                __malloc_unlock
 .text._malloc_usable_size_r
                0x000000000800339c       0x12 /home/tpv/Ac6/SystemWorkbench/plugins/fr.ac6.mcu.externaltools.arm-none.linux64_1.15.0.201708311556/tools/compiler/bin/../lib/gcc/arm-none-eabi/6.3.1/../../../../arm-none-eabi/lib/thumb/v7-m/libc_nano.a(lib_a-nano-msizer.o)
                0x000000000800339c                _malloc_usable_size_r
 *fill*         0x00000000080033ae        0x2 
 .text._sbrk    0x00000000080033b0       0x1c /home/tpv/Ac6/SystemWorkbench/plugins/fr.ac6.mcu.externaltools.arm-none.linux64_1.15.0.201708311556/tools/compiler/bin/../lib/gcc/arm-none-eabi/6.3.1/../../../../arm-none-eabi/lib/thumb/v7-m/libnosys.a(sbrk.o)
                0x00000000080033b0                _sbrk
 *(.glue_7)
 .glue_7        0x00000000080033cc        0x0 linker stubs
 *(.glue_7t)
 .glue_7t       0x00000000080033cc        0x0 linker stubs
 *(.eh_frame)
 .eh_frame      0x00000000080033cc        0x0 /home/tpv/Ac6/SystemWorkbench/plugins/fr.ac6.mcu.externaltools.arm-none.linux64_1.15.0.201708311556/tools/compiler/bin/../lib/gcc/arm-none-eabi/6.3.1/thumb/v7-m/crtbegin.o
 *(.init)
 .init          0x00000000080033cc        0x4 /home/tpv/Ac6/SystemWorkbench/plugins/fr.ac6.mcu.externaltools.arm-none.linux64_1.15.0.201708311556/tools/compiler/bin/../lib/gcc/arm-none-eabi/6.3.1/thumb/v7-m/crti.o
                0x00000000080033cc                _init
 .init          0x00000000080033d0        0x8 /home/tpv/Ac6/SystemWorkbench/plugins/fr.ac6.mcu.externaltools.arm-none.linux64_1.15.0.201708311556/tools/compiler/bin/../lib/gcc/arm-none-eabi/6.3.1/thumb/v7-m/crtn.o
 *(.fini)
 .fini          0x00000000080033d8        0x4 /home/tpv/Ac6/SystemWorkbench/plugins/fr.ac6.mcu.externaltools.arm-none.linux64_1.15.0.201708311556/tools/compiler/bin/../lib/gcc/arm-none-eabi/6.3.1/thumb/v7-m/crti.o
                0x00000000080033d8                _fini
 .fini          0x00000000080033dc        0x8 /home/tpv/Ac6/SystemWorkbench/plugins/fr.ac6.mcu.externaltools.arm-none.linux64_1.15.0.201708311556/tools/compiler/bin/../lib/gcc/arm-none-eabi/6.3.1/thumb/v7-m/crtn.o
                0x00000000080033e4                . = ALIGN (0x4)
                0x00000000080033e4                _etext = .

.vfp11_veneer   0x00000000080033e4        0x0
 .vfp11_veneer  0x00000000080033e4        0x0 linker stubs

.v4_bx          0x00000000080033e4        0x0
 .v4_bx         0x00000000080033e4        0x0 linker stubs

.iplt           0x00000000080033e4        0x0
 .iplt          0x00000000080033e4        0x0 /home/tpv/Ac6/SystemWorkbench/plugins/fr.ac6.mcu.externaltools.arm-none.linux64_1.15.0.201708311556/tools/compiler/bin/../lib/gcc/arm-none-eabi/6.3.1/thumb/v7-m/crtbegin.o

.rodata         0x00000000080033e4      0x4fc
                0x00000000080033e4                . = ALIGN (0x4)
 *(.rodata)
 .rodata        0x00000000080033e4       0x12 Drivers/STM32F1xx_HAL_Driver/Src/stm32f1xx_hal_rcc.o
 *fill*         0x00000000080033f6        0x2 
 .rodata        0x00000000080033f8       0x12 Drivers/STM32F1xx_HAL_Driver/Src/stm32f1xx_hal_rcc_ex.o
 *fill*         0x000000000800340a        0x2 
 .rodata        0x000000000800340c       0x18 Src/system_stm32f1xx.o
                0x000000000800340c                AHBPrescTable
                0x000000000800341c                APBPrescTable
 *(.rodata*)
 .rodata.str1.4
                0x0000000008003424       0x38 Drivers/STM32F1xx_HAL_Driver/Src/stm32f1xx_hal_adc.o
 .rodata.str1.4
                0x000000000800345c       0x3b Drivers/STM32F1xx_HAL_Driver/Src/stm32f1xx_hal_cortex.o
 *fill*         0x0000000008003497        0x1 
 .rodata.str1.4
                0x0000000008003498       0x39 Drivers/STM32F1xx_HAL_Driver/Src/stm32f1xx_hal_gpio.o
 *fill*         0x00000000080034d1        0x3 
 .rodata.str1.4
                0x00000000080034d4       0x38 Drivers/STM32F1xx_HAL_Driver/Src/stm32f1xx_hal_rcc.o
 .rodata.str1.4
                0x000000000800350c       0x3b Drivers/STM32F1xx_HAL_Driver/Src/stm32f1xx_hal_rcc_ex.o
 *fill*         0x0000000008003547        0x1 
 .rodata.str1.4
                0x0000000008003548       0x39 Drivers/STM32F1xx_HAL_Driver/Src/stm32f1xx_hal_uart.o
 *fill*         0x0000000008003581        0x3 
 .rodata.str1.4
                0x0000000008003584        0xd Src/adc.o
 *fill*         0x0000000008003591        0x3 
 .rodata.str1.4
                0x0000000008003594      0x14c Src/dweet.o
 .rodata.str1.4
                0x00000000080036e0      0x16e Src/esp8266.o
                                        0x172 (size before relaxing)
 *fill*         0x000000000800384e        0x2 
 .rodata.str1.4
                0x0000000008003850       0x49 Src/main.o
 *fill*         0x0000000008003899        0x3 
 .rodata.str1.4
                0x000000000800389c       0x10 Src/usart.o
                                          0xf (size before relaxing)
 .rodata._svfprintf_r.str1.1
                0x00000000080038ac       0x11 /home/tpv/Ac6/SystemWorkbench/plugins/fr.ac6.mcu.externaltools.arm-none.linux64_1.15.0.201708311556/tools/compiler/bin/../lib/gcc/arm-none-eabi/6.3.1/../../../../arm-none-eabi/lib/thumb/v7-m/libc_nano.a(lib_a-nano-svfprintf.o)
 .rodata._printf_i.str1.1
                0x00000000080038bd       0x22 /home/tpv/Ac6/SystemWorkbench/plugins/fr.ac6.mcu.externaltools.arm-none.linux64_1.15.0.201708311556/tools/compiler/bin/../lib/gcc/arm-none-eabi/6.3.1/../../../../arm-none-eabi/lib/thumb/v7-m/libc_nano.a(lib_a-nano-vfprintf_i.o)
                0x00000000080038e0                . = ALIGN (0x4)
 *fill*         0x00000000080038df        0x1 

.rel.dyn        0x00000000080038e0        0x0
 .rel.iplt      0x00000000080038e0        0x0 /home/tpv/Ac6/SystemWorkbench/plugins/fr.ac6.mcu.externaltools.arm-none.linux64_1.15.0.201708311556/tools/compiler/bin/../lib/gcc/arm-none-eabi/6.3.1/thumb/v7-m/crtbegin.o

.ARM.extab
 *(.ARM.extab* .gnu.linkonce.armextab.*)

.ARM            0x00000000080038e0        0x0
                0x00000000080038e0                __exidx_start = .
 *(.ARM.exidx*)
                0x00000000080038e0                __exidx_end = .

.preinit_array  0x00000000080038e0        0x0
                0x00000000080038e0                PROVIDE (__preinit_array_start, .)
 *(.preinit_array*)
                0x00000000080038e0                PROVIDE (__preinit_array_end, .)

.init_array     0x00000000080038e0        0x4
                0x00000000080038e0                PROVIDE (__init_array_start, .)
 *(SORT(.init_array.*))
 *(.init_array*)
 .init_array    0x00000000080038e0        0x4 /home/tpv/Ac6/SystemWorkbench/plugins/fr.ac6.mcu.externaltools.arm-none.linux64_1.15.0.201708311556/tools/compiler/bin/../lib/gcc/arm-none-eabi/6.3.1/thumb/v7-m/crtbegin.o
                0x00000000080038e4                PROVIDE (__init_array_end, .)

.fini_array     0x00000000080038e4        0x4
                [!provide]                        PROVIDE (__fini_array_start, .)
 *(SORT(.fini_array.*))
 *(.fini_array*)
 .fini_array    0x00000000080038e4        0x4 /home/tpv/Ac6/SystemWorkbench/plugins/fr.ac6.mcu.externaltools.arm-none.linux64_1.15.0.201708311556/tools/compiler/bin/../lib/gcc/arm-none-eabi/6.3.1/thumb/v7-m/crtbegin.o
                [!provide]                        PROVIDE (__fini_array_end, .)
                0x00000000080038e8                _sidata = LOADADDR (.data)

.data           0x0000000020000000       0x70 load address 0x00000000080038e8
                0x0000000020000000                . = ALIGN (0x4)
                0x0000000020000000                _sdata = .
 *(.data)
 .data          0x0000000020000000        0x8 Drivers/STM32F1xx_HAL_Driver/Src/stm32f1xx_hal.o
                0x0000000020000000                uwTickFreq
                0x0000000020000004                uwTickPrio
 .data          0x0000000020000008        0x4 Src/system_stm32f1xx.o
                0x0000000020000008                SystemCoreClock
 *(.data*)
 .data._impure_ptr
                0x000000002000000c        0x4 /home/tpv/Ac6/SystemWorkbench/plugins/fr.ac6.mcu.externaltools.arm-none.linux64_1.15.0.201708311556/tools/compiler/bin/../lib/gcc/arm-none-eabi/6.3.1/../../../../arm-none-eabi/lib/thumb/v7-m/libc_nano.a(lib_a-impure.o)
                0x000000002000000c                _impure_ptr
 .data.impure_data
                0x0000000020000010       0x60 /home/tpv/Ac6/SystemWorkbench/plugins/fr.ac6.mcu.externaltools.arm-none.linux64_1.15.0.201708311556/tools/compiler/bin/../lib/gcc/arm-none-eabi/6.3.1/../../../../arm-none-eabi/lib/thumb/v7-m/libc_nano.a(lib_a-impure.o)
                0x0000000020000070                . = ALIGN (0x4)
                0x0000000020000070                _edata = .

.jcr            0x0000000020000070        0x0 load address 0x0000000008003958
 .jcr           0x0000000020000070        0x0 /home/tpv/Ac6/SystemWorkbench/plugins/fr.ac6.mcu.externaltools.arm-none.linux64_1.15.0.201708311556/tools/compiler/bin/../lib/gcc/arm-none-eabi/6.3.1/thumb/v7-m/crtbegin.o

.igot.plt       0x0000000020000070        0x0 load address 0x0000000008003958
 .igot.plt      0x0000000020000070        0x0 /home/tpv/Ac6/SystemWorkbench/plugins/fr.ac6.mcu.externaltools.arm-none.linux64_1.15.0.201708311556/tools/compiler/bin/../lib/gcc/arm-none-eabi/6.3.1/thumb/v7-m/crtbegin.o
                0x0000000020000070                . = ALIGN (0x4)

.bss            0x0000000020000070      0x28c load address 0x0000000008003958
                0x0000000020000070                _sbss = .
                0x0000000020000070                __bss_start__ = _sbss
 *(.bss)
 .bss           0x0000000020000070       0x1c /home/tpv/Ac6/SystemWorkbench/plugins/fr.ac6.mcu.externaltools.arm-none.linux64_1.15.0.201708311556/tools/compiler/bin/../lib/gcc/arm-none-eabi/6.3.1/thumb/v7-m/crtbegin.o
 .bss           0x000000002000008c        0x8 Src/esp8266.o
                0x000000002000008c                TimeOut
                0x0000000020000090                Counter
                0x0000000020000092                pointer
 *(.bss*)
 .bss.__malloc_free_list
                0x0000000020000094        0x4 /home/tpv/Ac6/SystemWorkbench/plugins/fr.ac6.mcu.externaltools.arm-none.linux64_1.15.0.201708311556/tools/compiler/bin/../lib/gcc/arm-none-eabi/6.3.1/../../../../arm-none-eabi/lib/thumb/v7-m/libc_nano.a(lib_a-nano-mallocr.o)
                0x0000000020000094                __malloc_free_list
 .bss.__malloc_sbrk_start
                0x0000000020000098        0x4 /home/tpv/Ac6/SystemWorkbench/plugins/fr.ac6.mcu.externaltools.arm-none.linux64_1.15.0.201708311556/tools/compiler/bin/../lib/gcc/arm-none-eabi/6.3.1/../../../../arm-none-eabi/lib/thumb/v7-m/libc_nano.a(lib_a-nano-mallocr.o)
                0x0000000020000098                __malloc_sbrk_start
 .bss.heap_end.4116
                0x000000002000009c        0x4 /home/tpv/Ac6/SystemWorkbench/plugins/fr.ac6.mcu.externaltools.arm-none.linux64_1.15.0.201708311556/tools/compiler/bin/../lib/gcc/arm-none-eabi/6.3.1/../../../../arm-none-eabi/lib/thumb/v7-m/libnosys.a(sbrk.o)
 *(COMMON)
 COMMON         0x00000000200000a0        0x4 Drivers/STM32F1xx_HAL_Driver/Src/stm32f1xx_hal.o
                0x00000000200000a0                uwTick
 COMMON         0x00000000200000a4       0x30 Src/adc.o
                0x00000000200000a4                hadc1
 COMMON         0x00000000200000d4      0x1e2 Src/esp8266.o
                0x00000000200000d4                RESPONSE_BUFFER
                0x00000000200002b4                data
                0x00000000200002b5                Response_Status
 *fill*         0x00000000200002b6        0x2 
 COMMON         0x00000000200002b8       0x40 Src/usart.o
                0x00000000200002b8                huart2
 COMMON         0x00000000200002f8        0x4 /home/tpv/Ac6/SystemWorkbench/plugins/fr.ac6.mcu.externaltools.arm-none.linux64_1.15.0.201708311556/tools/compiler/bin/../lib/gcc/arm-none-eabi/6.3.1/../../../../arm-none-eabi/lib/thumb/v7-m/libc_nano.a(lib_a-reent.o)
                0x00000000200002f8                errno
                0x00000000200002fc                . = ALIGN (0x4)
                0x00000000200002fc                _ebss = .
                0x00000000200002fc                __bss_end__ = _ebss

._user_heap_stack
                0x00000000200002fc      0x604 load address 0x0000000008003958
                0x0000000020000300                . = ALIGN (0x8)
 *fill*         0x00000000200002fc        0x4 
                0x0000000020000300                PROVIDE (end, .)
                [!provide]                        PROVIDE (_end, .)
                0x0000000020000500                . = (. + _Min_Heap_Size)
 *fill*         0x0000000020000300      0x200 
                0x0000000020000900                . = (. + _Min_Stack_Size)
 *fill*         0x0000000020000500      0x400 
                0x0000000020000900                . = ALIGN (0x8)

/DISCARD/
 libc.a(*)
 libm.a(*)
 libgcc.a(*)

.ARM.attributes
                0x0000000000000000       0x29
 *(.ARM.attributes)
 .ARM.attributes
                0x0000000000000000       0x1d /home/tpv/Ac6/SystemWorkbench/plugins/fr.ac6.mcu.externaltools.arm-none.linux64_1.15.0.201708311556/tools/compiler/bin/../lib/gcc/arm-none-eabi/6.3.1/thumb/v7-m/crti.o
 .ARM.attributes
                0x000000000000001d       0x2d /home/tpv/Ac6/SystemWorkbench/plugins/fr.ac6.mcu.externaltools.arm-none.linux64_1.15.0.201708311556/tools/compiler/bin/../lib/gcc/arm-none-eabi/6.3.1/thumb/v7-m/crtbegin.o
 .ARM.attributes
                0x000000000000004a       0x33 Drivers/STM32F1xx_HAL_Driver/Src/stm32f1xx_hal.o
 .ARM.attributes
                0x000000000000007d       0x33 Drivers/STM32F1xx_HAL_Driver/Src/stm32f1xx_hal_adc.o
 .ARM.attributes
                0x00000000000000b0       0x33 Drivers/STM32F1xx_HAL_Driver/Src/stm32f1xx_hal_cortex.o
 .ARM.attributes
                0x00000000000000e3       0x33 Drivers/STM32F1xx_HAL_Driver/Src/stm32f1xx_hal_dma.o
 .ARM.attributes
                0x0000000000000116       0x33 Drivers/STM32F1xx_HAL_Driver/Src/stm32f1xx_hal_gpio.o
 .ARM.attributes
                0x0000000000000149       0x33 Drivers/STM32F1xx_HAL_Driver/Src/stm32f1xx_hal_rcc.o
 .ARM.attributes
                0x000000000000017c       0x33 Drivers/STM32F1xx_HAL_Driver/Src/stm32f1xx_hal_rcc_ex.o
 .ARM.attributes
                0x00000000000001af       0x33 Drivers/STM32F1xx_HAL_Driver/Src/stm32f1xx_hal_uart.o
 .ARM.attributes
                0x00000000000001e2       0x33 Src/adc.o
 .ARM.attributes
                0x0000000000000215       0x33 Src/dweet.o
 .ARM.attributes
                0x0000000000000248       0x33 Src/esp8266.o
 .ARM.attributes
                0x000000000000027b       0x33 Src/esp8266_ll.o
 .ARM.attributes
                0x00000000000002ae       0x33 Src/gpio.o
 .ARM.attributes
                0x00000000000002e1       0x33 Src/main.o
 .ARM.attributes
                0x0000000000000314       0x33 Src/stm32f1xx_hal_msp.o
 .ARM.attributes
                0x0000000000000347       0x33 Src/stm32f1xx_it.o
 .ARM.attributes
                0x000000000000037a       0x33 Src/system_stm32f1xx.o
 .ARM.attributes
                0x00000000000003ad       0x33 Src/usart.o
 .ARM.attributes
                0x00000000000003e0       0x33 Src/util.o
 .ARM.attributes
                0x0000000000000413       0x21 startup/startup_stm32f103x6.o
 .ARM.attributes
                0x0000000000000434       0x2d /home/tpv/Ac6/SystemWorkbench/plugins/fr.ac6.mcu.externaltools.arm-none.linux64_1.15.0.201708311556/tools/compiler/bin/../lib/gcc/arm-none-eabi/6.3.1/../../../../arm-none-eabi/lib/thumb/v7-m/libc_nano.a(lib_a-impure.o)
 .ARM.attributes
                0x0000000000000461       0x2d /home/tpv/Ac6/SystemWorkbench/plugins/fr.ac6.mcu.externaltools.arm-none.linux64_1.15.0.201708311556/tools/compiler/bin/../lib/gcc/arm-none-eabi/6.3.1/../../../../arm-none-eabi/lib/thumb/v7-m/libc_nano.a(lib_a-init.o)
 .ARM.attributes
                0x000000000000048e       0x2d /home/tpv/Ac6/SystemWorkbench/plugins/fr.ac6.mcu.externaltools.arm-none.linux64_1.15.0.201708311556/tools/compiler/bin/../lib/gcc/arm-none-eabi/6.3.1/../../../../arm-none-eabi/lib/thumb/v7-m/libc_nano.a(lib_a-memcpy-stub.o)
 .ARM.attributes
                0x00000000000004bb       0x2d /home/tpv/Ac6/SystemWorkbench/plugins/fr.ac6.mcu.externaltools.arm-none.linux64_1.15.0.201708311556/tools/compiler/bin/../lib/gcc/arm-none-eabi/6.3.1/../../../../arm-none-eabi/lib/thumb/v7-m/libc_nano.a(lib_a-memmove.o)
 .ARM.attributes
                0x00000000000004e8       0x2d /home/tpv/Ac6/SystemWorkbench/plugins/fr.ac6.mcu.externaltools.arm-none.linux64_1.15.0.201708311556/tools/compiler/bin/../lib/gcc/arm-none-eabi/6.3.1/../../../../arm-none-eabi/lib/thumb/v7-m/libc_nano.a(lib_a-memset.o)
 .ARM.attributes
                0x0000000000000515       0x2d /home/tpv/Ac6/SystemWorkbench/plugins/fr.ac6.mcu.externaltools.arm-none.linux64_1.15.0.201708311556/tools/compiler/bin/../lib/gcc/arm-none-eabi/6.3.1/../../../../arm-none-eabi/lib/thumb/v7-m/libc_nano.a(lib_a-sprintf.o)
 .ARM.attributes
                0x0000000000000542       0x17 /home/tpv/Ac6/SystemWorkbench/plugins/fr.ac6.mcu.externaltools.arm-none.linux64_1.15.0.201708311556/tools/compiler/bin/../lib/gcc/arm-none-eabi/6.3.1/../../../../arm-none-eabi/lib/thumb/v7-m/libc_nano.a(lib_a-strlen.o)
 .ARM.attributes
                0x0000000000000559       0x2d /home/tpv/Ac6/SystemWorkbench/plugins/fr.ac6.mcu.externaltools.arm-none.linux64_1.15.0.201708311556/tools/compiler/bin/../lib/gcc/arm-none-eabi/6.3.1/../../../../arm-none-eabi/lib/thumb/v7-m/libc_nano.a(lib_a-strncmp.o)
 .ARM.attributes
                0x0000000000000586       0x2d /home/tpv/Ac6/SystemWorkbench/plugins/fr.ac6.mcu.externaltools.arm-none.linux64_1.15.0.201708311556/tools/compiler/bin/../lib/gcc/arm-none-eabi/6.3.1/../../../../arm-none-eabi/lib/thumb/v7-m/libc_nano.a(lib_a-strstr.o)
 .ARM.attributes
                0x00000000000005b3       0x2d /home/tpv/Ac6/SystemWorkbench/plugins/fr.ac6.mcu.externaltools.arm-none.linux64_1.15.0.201708311556/tools/compiler/bin/../lib/gcc/arm-none-eabi/6.3.1/../../../../arm-none-eabi/lib/thumb/v7-m/libc_nano.a(lib_a-nano-svfprintf.o)
 .ARM.attributes
                0x00000000000005e0       0x2d /home/tpv/Ac6/SystemWorkbench/plugins/fr.ac6.mcu.externaltools.arm-none.linux64_1.15.0.201708311556/tools/compiler/bin/../lib/gcc/arm-none-eabi/6.3.1/../../../../arm-none-eabi/lib/thumb/v7-m/libc_nano.a(lib_a-nano-vfprintf_i.o)
 .ARM.attributes
                0x000000000000060d       0x2d /home/tpv/Ac6/SystemWorkbench/plugins/fr.ac6.mcu.externaltools.arm-none.linux64_1.15.0.201708311556/tools/compiler/bin/../lib/gcc/arm-none-eabi/6.3.1/../../../../arm-none-eabi/lib/thumb/v7-m/libc_nano.a(lib_a-memchr-stub.o)
 .ARM.attributes
                0x000000000000063a       0x2d /home/tpv/Ac6/SystemWorkbench/plugins/fr.ac6.mcu.externaltools.arm-none.linux64_1.15.0.201708311556/tools/compiler/bin/../lib/gcc/arm-none-eabi/6.3.1/../../../../arm-none-eabi/lib/thumb/v7-m/libc_nano.a(lib_a-nano-freer.o)
 .ARM.attributes
                0x0000000000000667       0x2d /home/tpv/Ac6/SystemWorkbench/plugins/fr.ac6.mcu.externaltools.arm-none.linux64_1.15.0.201708311556/tools/compiler/bin/../lib/gcc/arm-none-eabi/6.3.1/../../../../arm-none-eabi/lib/thumb/v7-m/libc_nano.a(lib_a-nano-mallocr.o)
 .ARM.attributes
                0x0000000000000694       0x2d /home/tpv/Ac6/SystemWorkbench/plugins/fr.ac6.mcu.externaltools.arm-none.linux64_1.15.0.201708311556/tools/compiler/bin/../lib/gcc/arm-none-eabi/6.3.1/../../../../arm-none-eabi/lib/thumb/v7-m/libc_nano.a(lib_a-nano-reallocr.o)
 .ARM.attributes
                0x00000000000006c1       0x2d /home/tpv/Ac6/SystemWorkbench/plugins/fr.ac6.mcu.externaltools.arm-none.linux64_1.15.0.201708311556/tools/compiler/bin/../lib/gcc/arm-none-eabi/6.3.1/../../../../arm-none-eabi/lib/thumb/v7-m/libc_nano.a(lib_a-sbrkr.o)
 .ARM.attributes
                0x00000000000006ee       0x2d /home/tpv/Ac6/SystemWorkbench/plugins/fr.ac6.mcu.externaltools.arm-none.linux64_1.15.0.201708311556/tools/compiler/bin/../lib/gcc/arm-none-eabi/6.3.1/../../../../arm-none-eabi/lib/thumb/v7-m/libc_nano.a(lib_a-mlock.o)
 .ARM.attributes
                0x000000000000071b       0x2d /home/tpv/Ac6/SystemWorkbench/plugins/fr.ac6.mcu.externaltools.arm-none.linux64_1.15.0.201708311556/tools/compiler/bin/../lib/gcc/arm-none-eabi/6.3.1/../../../../arm-none-eabi/lib/thumb/v7-m/libc_nano.a(lib_a-nano-msizer.o)
 .ARM.attributes
                0x0000000000000748       0x2d /home/tpv/Ac6/SystemWorkbench/plugins/fr.ac6.mcu.externaltools.arm-none.linux64_1.15.0.201708311556/tools/compiler/bin/../lib/gcc/arm-none-eabi/6.3.1/../../../../arm-none-eabi/lib/thumb/v7-m/libc_nano.a(lib_a-reent.o)
 .ARM.attributes
                0x0000000000000775       0x2d /home/tpv/Ac6/SystemWorkbench/plugins/fr.ac6.mcu.externaltools.arm-none.linux64_1.15.0.201708311556/tools/compiler/bin/../lib/gcc/arm-none-eabi/6.3.1/../../../../arm-none-eabi/lib/thumb/v7-m/libnosys.a(sbrk.o)
 .ARM.attributes
                0x00000000000007a2       0x1d /home/tpv/Ac6/SystemWorkbench/plugins/fr.ac6.mcu.externaltools.arm-none.linux64_1.15.0.201708311556/tools/compiler/bin/../lib/gcc/arm-none-eabi/6.3.1/thumb/v7-m/crtn.o
OUTPUT(esp8266_stm32103f.elf elf32-littlearm)

.debug_info     0x0000000000000000    0x150a3
 .debug_info    0x0000000000000000      0xfb6 Drivers/STM32F1xx_HAL_Driver/Src/stm32f1xx_hal.o
 .debug_info    0x0000000000000fb6     0x19dd Drivers/STM32F1xx_HAL_Driver/Src/stm32f1xx_hal_adc.o
 .debug_info    0x0000000000002993     0x15b2 Drivers/STM32F1xx_HAL_Driver/Src/stm32f1xx_hal_cortex.o
 .debug_info    0x0000000000003f45     0x1180 Drivers/STM32F1xx_HAL_Driver/Src/stm32f1xx_hal_dma.o
 .debug_info    0x00000000000050c5     0x108b Drivers/STM32F1xx_HAL_Driver/Src/stm32f1xx_hal_gpio.o
 .debug_info    0x0000000000006150     0x14c9 Drivers/STM32F1xx_HAL_Driver/Src/stm32f1xx_hal_rcc.o
 .debug_info    0x0000000000007619      0xd0a Drivers/STM32F1xx_HAL_Driver/Src/stm32f1xx_hal_rcc_ex.o
 .debug_info    0x0000000000008323     0x20f4 Drivers/STM32F1xx_HAL_Driver/Src/stm32f1xx_hal_uart.o
 .debug_info    0x000000000000a417     0x107d Src/adc.o
 .debug_info    0x000000000000b494      0xd02 Src/dweet.o
 .debug_info    0x000000000000c196     0x19c9 Src/esp8266.o
 .debug_info    0x000000000000db5f      0xf66 Src/esp8266_ll.o
 .debug_info    0x000000000000eac5      0xc2c Src/gpio.o
 .debug_info    0x000000000000f6f1     0x1714 Src/main.o
 .debug_info    0x0000000000010e05      0xcb8 Src/stm32f1xx_hal_msp.o
 .debug_info    0x0000000000011abd      0xe54 Src/stm32f1xx_it.o
 .debug_info    0x0000000000012911      0xc1b Src/system_stm32f1xx.o
 .debug_info    0x000000000001352c     0x11a7 Src/usart.o
 .debug_info    0x00000000000146d3      0x94b Src/util.o
 .debug_info    0x000000000001501e       0x85 startup/startup_stm32f103x6.o

.debug_abbrev   0x0000000000000000     0x3233
 .debug_abbrev  0x0000000000000000      0x2f2 Drivers/STM32F1xx_HAL_Driver/Src/stm32f1xx_hal.o
 .debug_abbrev  0x00000000000002f2      0x295 Drivers/STM32F1xx_HAL_Driver/Src/stm32f1xx_hal_adc.o
 .debug_abbrev  0x0000000000000587      0x3e6 Drivers/STM32F1xx_HAL_Driver/Src/stm32f1xx_hal_cortex.o
 .debug_abbrev  0x000000000000096d      0x2e1 Drivers/STM32F1xx_HAL_Driver/Src/stm32f1xx_hal_dma.o
 .debug_abbrev  0x0000000000000c4e      0x2dc Drivers/STM32F1xx_HAL_Driver/Src/stm32f1xx_hal_gpio.o
 .debug_abbrev  0x0000000000000f2a      0x324 Drivers/STM32F1xx_HAL_Driver/Src/stm32f1xx_hal_rcc.o
 .debug_abbrev  0x000000000000124e      0x2d8 Drivers/STM32F1xx_HAL_Driver/Src/stm32f1xx_hal_rcc_ex.o
 .debug_abbrev  0x0000000000001526      0x306 Drivers/STM32F1xx_HAL_Driver/Src/stm32f1xx_hal_uart.o
 .debug_abbrev  0x000000000000182c      0x256 Src/adc.o
 .debug_abbrev  0x0000000000001a82      0x269 Src/dweet.o
 .debug_abbrev  0x0000000000001ceb      0x35e Src/esp8266.o
 .debug_abbrev  0x0000000000002049      0x249 Src/esp8266_ll.o
 .debug_abbrev  0x0000000000002292      0x229 Src/gpio.o
 .debug_abbrev  0x00000000000024bb      0x2b3 Src/main.o
 .debug_abbrev  0x000000000000276e      0x232 Src/stm32f1xx_hal_msp.o
 .debug_abbrev  0x00000000000029a0      0x20e Src/stm32f1xx_it.o
 .debug_abbrev  0x0000000000002bae      0x226 Src/system_stm32f1xx.o
 .debug_abbrev  0x0000000000002dd4      0x25f Src/usart.o
 .debug_abbrev  0x0000000000003033      0x1ee Src/util.o
 .debug_abbrev  0x0000000000003221       0x12 startup/startup_stm32f103x6.o

.debug_loc      0x0000000000000000     0x41dd
 .debug_loc     0x0000000000000000       0xe0 Drivers/STM32F1xx_HAL_Driver/Src/stm32f1xx_hal.o
 .debug_loc     0x00000000000000e0      0x857 Drivers/STM32F1xx_HAL_Driver/Src/stm32f1xx_hal_adc.o
 .debug_loc     0x0000000000000937      0x6f9 Drivers/STM32F1xx_HAL_Driver/Src/stm32f1xx_hal_cortex.o
 .debug_loc     0x0000000000001030      0x6f9 Drivers/STM32F1xx_HAL_Driver/Src/stm32f1xx_hal_dma.o
 .debug_loc     0x0000000000001729      0x556 Drivers/STM32F1xx_HAL_Driver/Src/stm32f1xx_hal_gpio.o
 .debug_loc     0x0000000000001c7f      0x55a Drivers/STM32F1xx_HAL_Driver/Src/stm32f1xx_hal_rcc.o
 .debug_loc     0x00000000000021d9      0x2dc Drivers/STM32F1xx_HAL_Driver/Src/stm32f1xx_hal_rcc_ex.o
 .debug_loc     0x00000000000024b5     0x14a2 Drivers/STM32F1xx_HAL_Driver/Src/stm32f1xx_hal_uart.o
 .debug_loc     0x0000000000003957       0x5b Src/adc.o
 .debug_loc     0x00000000000039b2       0xce Src/dweet.o
 .debug_loc     0x0000000000003a80      0x4d1 Src/esp8266.o
 .debug_loc     0x0000000000003f51       0x77 Src/esp8266_ll.o
 .debug_loc     0x0000000000003fc8       0x63 Src/main.o
 .debug_loc     0x000000000000402b       0xdf Src/system_stm32f1xx.o
 .debug_loc     0x000000000000410a       0x5b Src/usart.o
 .debug_loc     0x0000000000004165       0x78 Src/util.o

.debug_aranges  0x0000000000000000      0x880
 .debug_aranges
                0x0000000000000000       0xd0 Drivers/STM32F1xx_HAL_Driver/Src/stm32f1xx_hal.o
 .debug_aranges
                0x00000000000000d0       0xf0 Drivers/STM32F1xx_HAL_Driver/Src/stm32f1xx_hal_adc.o
 .debug_aranges
                0x00000000000001c0       0x90 Drivers/STM32F1xx_HAL_Driver/Src/stm32f1xx_hal_cortex.o
 .debug_aranges
                0x0000000000000250       0x80 Drivers/STM32F1xx_HAL_Driver/Src/stm32f1xx_hal_dma.o
 .debug_aranges
                0x00000000000002d0       0x58 Drivers/STM32F1xx_HAL_Driver/Src/stm32f1xx_hal_gpio.o
 .debug_aranges
                0x0000000000000328       0x90 Drivers/STM32F1xx_HAL_Driver/Src/stm32f1xx_hal_rcc.o
 .debug_aranges
                0x00000000000003b8       0x30 Drivers/STM32F1xx_HAL_Driver/Src/stm32f1xx_hal_rcc_ex.o
 .debug_aranges
                0x00000000000003e8      0x1d0 Drivers/STM32F1xx_HAL_Driver/Src/stm32f1xx_hal_uart.o
 .debug_aranges
                0x00000000000005b8       0x30 Src/adc.o
 .debug_aranges
                0x00000000000005e8       0x28 Src/dweet.o
 .debug_aranges
                0x0000000000000610       0xb8 Src/esp8266.o
 .debug_aranges
                0x00000000000006c8       0x38 Src/esp8266_ll.o
 .debug_aranges
                0x0000000000000700       0x20 Src/gpio.o
 .debug_aranges
                0x0000000000000720       0x38 Src/main.o
 .debug_aranges
                0x0000000000000758       0x20 Src/stm32f1xx_hal_msp.o
 .debug_aranges
                0x0000000000000778       0x68 Src/stm32f1xx_it.o
 .debug_aranges
                0x00000000000007e0       0x28 Src/system_stm32f1xx.o
 .debug_aranges
                0x0000000000000808       0x30 Src/usart.o
 .debug_aranges
                0x0000000000000838       0x20 Src/util.o
 .debug_aranges
                0x0000000000000858       0x28 startup/startup_stm32f103x6.o

.debug_ranges   0x0000000000000000      0x7f8
 .debug_ranges  0x0000000000000000       0xc0 Drivers/STM32F1xx_HAL_Driver/Src/stm32f1xx_hal.o
 .debug_ranges  0x00000000000000c0       0xe0 Drivers/STM32F1xx_HAL_Driver/Src/stm32f1xx_hal_adc.o
 .debug_ranges  0x00000000000001a0       0xe0 Drivers/STM32F1xx_HAL_Driver/Src/stm32f1xx_hal_cortex.o
 .debug_ranges  0x0000000000000280       0x70 Drivers/STM32F1xx_HAL_Driver/Src/stm32f1xx_hal_dma.o
 .debug_ranges  0x00000000000002f0       0x48 Drivers/STM32F1xx_HAL_Driver/Src/stm32f1xx_hal_gpio.o
 .debug_ranges  0x0000000000000338       0xa0 Drivers/STM32F1xx_HAL_Driver/Src/stm32f1xx_hal_rcc.o
 .debug_ranges  0x00000000000003d8       0x38 Drivers/STM32F1xx_HAL_Driver/Src/stm32f1xx_hal_rcc_ex.o
 .debug_ranges  0x0000000000000410      0x1c0 Drivers/STM32F1xx_HAL_Driver/Src/stm32f1xx_hal_uart.o
 .debug_ranges  0x00000000000005d0       0x20 Src/adc.o
 .debug_ranges  0x00000000000005f0       0x18 Src/dweet.o
 .debug_ranges  0x0000000000000608       0xc0 Src/esp8266.o
 .debug_ranges  0x00000000000006c8       0x28 Src/esp8266_ll.o
 .debug_ranges  0x00000000000006f0       0x10 Src/gpio.o
 .debug_ranges  0x0000000000000700       0x28 Src/main.o
 .debug_ranges  0x0000000000000728       0x10 Src/stm32f1xx_hal_msp.o
 .debug_ranges  0x0000000000000738       0x58 Src/stm32f1xx_it.o
 .debug_ranges  0x0000000000000790       0x18 Src/system_stm32f1xx.o
 .debug_ranges  0x00000000000007a8       0x20 Src/usart.o
 .debug_ranges  0x00000000000007c8       0x10 Src/util.o
 .debug_ranges  0x00000000000007d8       0x20 startup/startup_stm32f103x6.o

.debug_macro    0x0000000000000000    0x1634a
 .debug_macro   0x0000000000000000      0x30a Drivers/STM32F1xx_HAL_Driver/Src/stm32f1xx_hal.o
 .debug_macro   0x000000000000030a      0x8bc Drivers/STM32F1xx_HAL_Driver/Src/stm32f1xx_hal.o
 .debug_macro   0x0000000000000bc6       0x5e Drivers/STM32F1xx_HAL_Driver/Src/stm32f1xx_hal.o
 .debug_macro   0x0000000000000c24      0x170 Drivers/STM32F1xx_HAL_Driver/Src/stm32f1xx_hal.o
 .debug_macro   0x0000000000000d94       0x2e Drivers/STM32F1xx_HAL_Driver/Src/stm32f1xx_hal.o
 .debug_macro   0x0000000000000dc2       0x22 Drivers/STM32F1xx_HAL_Driver/Src/stm32f1xx_hal.o
 .debug_macro   0x0000000000000de4       0x22 Drivers/STM32F1xx_HAL_Driver/Src/stm32f1xx_hal.o
 .debug_macro   0x0000000000000e06       0x87 Drivers/STM32F1xx_HAL_Driver/Src/stm32f1xx_hal.o
 .debug_macro   0x0000000000000e8d       0x51 Drivers/STM32F1xx_HAL_Driver/Src/stm32f1xx_hal.o
 .debug_macro   0x0000000000000ede       0xef Drivers/STM32F1xx_HAL_Driver/Src/stm32f1xx_hal.o
 .debug_macro   0x0000000000000fcd       0x6a Drivers/STM32F1xx_HAL_Driver/Src/stm32f1xx_hal.o
 .debug_macro   0x0000000000001037      0x1df Drivers/STM32F1xx_HAL_Driver/Src/stm32f1xx_hal.o
 .debug_macro   0x0000000000001216       0x34 Drivers/STM32F1xx_HAL_Driver/Src/stm32f1xx_hal.o
 .debug_macro   0x000000000000124a       0x34 Drivers/STM32F1xx_HAL_Driver/Src/stm32f1xx_hal.o
 .debug_macro   0x000000000000127e      0xb8e Drivers/STM32F1xx_HAL_Driver/Src/stm32f1xx_hal.o
 .debug_macro   0x0000000000001e0c     0xe6e1 Drivers/STM32F1xx_HAL_Driver/Src/stm32f1xx_hal.o
 .debug_macro   0x00000000000104ed       0x43 Drivers/STM32F1xx_HAL_Driver/Src/stm32f1xx_hal.o
 .debug_macro   0x0000000000010530       0x58 Drivers/STM32F1xx_HAL_Driver/Src/stm32f1xx_hal.o
 .debug_macro   0x0000000000010588       0x35 Drivers/STM32F1xx_HAL_Driver/Src/stm32f1xx_hal.o
 .debug_macro   0x00000000000105bd       0x9c Drivers/STM32F1xx_HAL_Driver/Src/stm32f1xx_hal.o
 .debug_macro   0x0000000000010659       0x16 Drivers/STM32F1xx_HAL_Driver/Src/stm32f1xx_hal.o
 .debug_macro   0x000000000001066f       0x97 Drivers/STM32F1xx_HAL_Driver/Src/stm32f1xx_hal.o
 .debug_macro   0x0000000000010706      0x330 Drivers/STM32F1xx_HAL_Driver/Src/stm32f1xx_hal.o
 .debug_macro   0x0000000000010a36       0xfd Drivers/STM32F1xx_HAL_Driver/Src/stm32f1xx_hal.o
 .debug_macro   0x0000000000010b33       0x10 Drivers/STM32F1xx_HAL_Driver/Src/stm32f1xx_hal.o
 .debug_macro   0x0000000000010b43       0x58 Drivers/STM32F1xx_HAL_Driver/Src/stm32f1xx_hal.o
 .debug_macro   0x0000000000010b9b       0x1f Drivers/STM32F1xx_HAL_Driver/Src/stm32f1xx_hal.o
 .debug_macro   0x0000000000010bba       0x43 Drivers/STM32F1xx_HAL_Driver/Src/stm32f1xx_hal.o
 .debug_macro   0x0000000000010bfd       0x20 Drivers/STM32F1xx_HAL_Driver/Src/stm32f1xx_hal.o
 .debug_macro   0x0000000000010c1d      0x187 Drivers/STM32F1xx_HAL_Driver/Src/stm32f1xx_hal.o
 .debug_macro   0x0000000000010da4       0x10 Drivers/STM32F1xx_HAL_Driver/Src/stm32f1xx_hal.o
 .debug_macro   0x0000000000010db4       0x1c Drivers/STM32F1xx_HAL_Driver/Src/stm32f1xx_hal.o
 .debug_macro   0x0000000000010dd0       0x52 Drivers/STM32F1xx_HAL_Driver/Src/stm32f1xx_hal.o
 .debug_macro   0x0000000000010e22       0x40 Drivers/STM32F1xx_HAL_Driver/Src/stm32f1xx_hal.o
 .debug_macro   0x0000000000010e62       0x10 Drivers/STM32F1xx_HAL_Driver/Src/stm32f1xx_hal.o
 .debug_macro   0x0000000000010e72       0x40 Drivers/STM32F1xx_HAL_Driver/Src/stm32f1xx_hal.o
 .debug_macro   0x0000000000010eb2       0xd7 Drivers/STM32F1xx_HAL_Driver/Src/stm32f1xx_hal.o
 .debug_macro   0x0000000000010f89       0x16 Drivers/STM32F1xx_HAL_Driver/Src/stm32f1xx_hal.o
 .debug_macro   0x0000000000010f9f      0x18b Drivers/STM32F1xx_HAL_Driver/Src/stm32f1xx_hal.o
 .debug_macro   0x000000000001112a       0x50 Drivers/STM32F1xx_HAL_Driver/Src/stm32f1xx_hal.o
 .debug_macro   0x000000000001117a      0x5c2 Drivers/STM32F1xx_HAL_Driver/Src/stm32f1xx_hal.o
 .debug_macro   0x000000000001173c      0x1b8 Drivers/STM32F1xx_HAL_Driver/Src/stm32f1xx_hal.o
 .debug_macro   0x00000000000118f4      0x1cb Drivers/STM32F1xx_HAL_Driver/Src/stm32f1xx_hal.o
 .debug_macro   0x0000000000011abf      0x11e Drivers/STM32F1xx_HAL_Driver/Src/stm32f1xx_hal.o
 .debug_macro   0x0000000000011bdd      0x1b3 Drivers/STM32F1xx_HAL_Driver/Src/stm32f1xx_hal.o
 .debug_macro   0x0000000000011d90       0x27 Drivers/STM32F1xx_HAL_Driver/Src/stm32f1xx_hal.o
 .debug_macro   0x0000000000011db7      0x1bc Drivers/STM32F1xx_HAL_Driver/Src/stm32f1xx_hal.o
 .debug_macro   0x0000000000011f73       0x34 Drivers/STM32F1xx_HAL_Driver/Src/stm32f1xx_hal.o
 .debug_macro   0x0000000000011fa7       0x3c Drivers/STM32F1xx_HAL_Driver/Src/stm32f1xx_hal.o
 .debug_macro   0x0000000000011fe3       0x57 Drivers/STM32F1xx_HAL_Driver/Src/stm32f1xx_hal.o
 .debug_macro   0x000000000001203a      0x46a Drivers/STM32F1xx_HAL_Driver/Src/stm32f1xx_hal.o
 .debug_macro   0x00000000000124a4      0x1b5 Drivers/STM32F1xx_HAL_Driver/Src/stm32f1xx_hal.o
 .debug_macro   0x0000000000012659       0x8c Drivers/STM32F1xx_HAL_Driver/Src/stm32f1xx_hal.o
 .debug_macro   0x00000000000126e5      0x185 Drivers/STM32F1xx_HAL_Driver/Src/stm32f1xx_hal.o
 .debug_macro   0x000000000001286a      0x143 Drivers/STM32F1xx_HAL_Driver/Src/stm32f1xx_hal.o
 .debug_macro   0x00000000000129ad      0x26b Drivers/STM32F1xx_HAL_Driver/Src/stm32f1xx_hal.o
 .debug_macro   0x0000000000012c18       0x69 Drivers/STM32F1xx_HAL_Driver/Src/stm32f1xx_hal.o
 .debug_macro   0x0000000000012c81      0x303 Drivers/STM32F1xx_HAL_Driver/Src/stm32f1xx_hal_adc.o
 .debug_macro   0x0000000000012f84      0x2e6 Drivers/STM32F1xx_HAL_Driver/Src/stm32f1xx_hal_cortex.o
 .debug_macro   0x000000000001326a      0x2e6 Drivers/STM32F1xx_HAL_Driver/Src/stm32f1xx_hal_dma.o
 .debug_macro   0x0000000000013550      0x356 Drivers/STM32F1xx_HAL_Driver/Src/stm32f1xx_hal_gpio.o
 .debug_macro   0x00000000000138a6      0x2f8 Drivers/STM32F1xx_HAL_Driver/Src/stm32f1xx_hal_rcc.o
 .debug_macro   0x0000000000013b9e      0x2e6 Drivers/STM32F1xx_HAL_Driver/Src/stm32f1xx_hal_rcc_ex.o
 .debug_macro   0x0000000000013e84      0x2e7 Drivers/STM32F1xx_HAL_Driver/Src/stm32f1xx_hal_uart.o
 .debug_macro   0x000000000001416b      0x2fa Src/adc.o
 .debug_macro   0x0000000000014465      0x361 Src/dweet.o
 .debug_macro   0x00000000000147c6       0x16 Src/dweet.o
 .debug_macro   0x00000000000147dc       0x35 Src/dweet.o
 .debug_macro   0x0000000000014811       0x16 Src/dweet.o
 .debug_macro   0x0000000000014827       0x29 Src/dweet.o
 .debug_macro   0x0000000000014850       0x16 Src/dweet.o
 .debug_macro   0x0000000000014866       0x46 Src/dweet.o
 .debug_macro   0x00000000000148ac      0x3a2 Src/esp8266.o
 .debug_macro   0x0000000000014c4e       0x10 Src/esp8266.o
 .debug_macro   0x0000000000014c5e      0x2fd Src/esp8266_ll.o
 .debug_macro   0x0000000000014f5b       0x3a Src/esp8266_ll.o
 .debug_macro   0x0000000000014f95      0x2f0 Src/gpio.o
 .debug_macro   0x0000000000015285      0x355 Src/main.o
 .debug_macro   0x00000000000155da      0x2e6 Src/stm32f1xx_hal_msp.o
 .debug_macro   0x00000000000158c0      0x2f0 Src/stm32f1xx_it.o
 .debug_macro   0x0000000000015bb0      0x2ec Src/system_stm32f1xx.o
 .debug_macro   0x0000000000015e9c      0x2fa Src/usart.o
 .debug_macro   0x0000000000016196      0x1b4 Src/util.o

.debug_line     0x0000000000000000     0xb029
 .debug_line    0x0000000000000000      0x92c Drivers/STM32F1xx_HAL_Driver/Src/stm32f1xx_hal.o
 .debug_line    0x000000000000092c      0xdf3 Drivers/STM32F1xx_HAL_Driver/Src/stm32f1xx_hal_adc.o
 .debug_line    0x000000000000171f      0x97b Drivers/STM32F1xx_HAL_Driver/Src/stm32f1xx_hal_cortex.o
 .debug_line    0x000000000000209a      0xba6 Drivers/STM32F1xx_HAL_Driver/Src/stm32f1xx_hal_dma.o
 .debug_line    0x0000000000002c40      0xa04 Drivers/STM32F1xx_HAL_Driver/Src/stm32f1xx_hal_gpio.o
 .debug_line    0x0000000000003644      0xba3 Drivers/STM32F1xx_HAL_Driver/Src/stm32f1xx_hal_rcc.o
 .debug_line    0x00000000000041e7      0x869 Drivers/STM32F1xx_HAL_Driver/Src/stm32f1xx_hal_rcc_ex.o
 .debug_line    0x0000000000004a50     0x1152 Drivers/STM32F1xx_HAL_Driver/Src/stm32f1xx_hal_uart.o
 .debug_line    0x0000000000005ba2      0x7a5 Src/adc.o
 .debug_line    0x0000000000006347      0x802 Src/dweet.o
 .debug_line    0x0000000000006b49      0xa05 Src/esp8266.o
 .debug_line    0x000000000000754e      0x7ba Src/esp8266_ll.o
 .debug_line    0x0000000000007d08      0x774 Src/gpio.o
 .debug_line    0x000000000000847c      0x832 Src/main.o
 .debug_line    0x0000000000008cae      0x76a Src/stm32f1xx_hal_msp.o
 .debug_line    0x0000000000009418      0x800 Src/stm32f1xx_it.o
 .debug_line    0x0000000000009c18      0x79e Src/system_stm32f1xx.o
 .debug_line    0x000000000000a3b6      0x7a8 Src/usart.o
 .debug_line    0x000000000000ab5e      0x44e Src/util.o
 .debug_line    0x000000000000afac       0x7d startup/startup_stm32f103x6.o

.debug_str      0x0000000000000000    0x6eb87
 .debug_str     0x0000000000000000    0x6b5c8 Drivers/STM32F1xx_HAL_Driver/Src/stm32f1xx_hal.o
                                      0x6b95a (size before relaxing)
 .debug_str     0x000000000006b5c8      0x6b7 Drivers/STM32F1xx_HAL_Driver/Src/stm32f1xx_hal_adc.o
                                      0x6b93b (size before relaxing)
 .debug_str     0x000000000006bc7f      0x2e1 Drivers/STM32F1xx_HAL_Driver/Src/stm32f1xx_hal_cortex.o
                                      0x6b8af (size before relaxing)
 .debug_str     0x000000000006bf60      0x220 Drivers/STM32F1xx_HAL_Driver/Src/stm32f1xx_hal_dma.o
                                      0x6b64d (size before relaxing)
 .debug_str     0x000000000006c180      0x3ab Drivers/STM32F1xx_HAL_Driver/Src/stm32f1xx_hal_gpio.o
                                      0x6b630 (size before relaxing)
 .debug_str     0x000000000006c52b      0x368 Drivers/STM32F1xx_HAL_Driver/Src/stm32f1xx_hal_rcc.o
                                      0x6b685 (size before relaxing)
 .debug_str     0x000000000006c893      0x110 Drivers/STM32F1xx_HAL_Driver/Src/stm32f1xx_hal_rcc_ex.o
                                      0x6b411 (size before relaxing)
 .debug_str     0x000000000006c9a3      0x6dc Drivers/STM32F1xx_HAL_Driver/Src/stm32f1xx_hal_uart.o
                                      0x6bb9e (size before relaxing)
 .debug_str     0x000000000006d07f       0x5c Src/adc.o
                                      0x6b64c (size before relaxing)
 .debug_str     0x000000000006d0db      0x3b3 Src/dweet.o
                                      0x6b589 (size before relaxing)
 .debug_str     0x000000000006d48e     0x14b5 Src/esp8266.o
                                      0x6ce13 (size before relaxing)
 .debug_str     0x000000000006e943       0x55 Src/esp8266_ll.o
                                      0x6b681 (size before relaxing)
 .debug_str     0x000000000006e998       0x1b Src/gpio.o
                                      0x6b2c4 (size before relaxing)
 .debug_str     0x000000000006e9b3       0x48 Src/main.o
                                      0x6be64 (size before relaxing)
 .debug_str     0x000000000006e9fb       0x1b Src/stm32f1xx_hal_msp.o
                                      0x6b529 (size before relaxing)
 .debug_str     0x000000000006ea16       0xca Src/stm32f1xx_it.o
                                      0x6b64f (size before relaxing)
 .debug_str     0x000000000006eae0       0x69 Src/system_stm32f1xx.o
                                      0x6b2cd (size before relaxing)
 .debug_str     0x000000000006eb49       0x1a Src/usart.o
                                      0x6b976 (size before relaxing)
 .debug_str     0x000000000006eb63       0x24 Src/util.o
                                       0x6ba4 (size before relaxing)

.comment        0x0000000000000000       0x7f
 .comment       0x0000000000000000       0x7f Drivers/STM32F1xx_HAL_Driver/Src/stm32f1xx_hal.o
                                         0x80 (size before relaxing)
 .comment       0x000000000000007f       0x80 Drivers/STM32F1xx_HAL_Driver/Src/stm32f1xx_hal_adc.o
 .comment       0x000000000000007f       0x80 Drivers/STM32F1xx_HAL_Driver/Src/stm32f1xx_hal_cortex.o
 .comment       0x000000000000007f       0x80 Drivers/STM32F1xx_HAL_Driver/Src/stm32f1xx_hal_dma.o
 .comment       0x000000000000007f       0x80 Drivers/STM32F1xx_HAL_Driver/Src/stm32f1xx_hal_gpio.o
 .comment       0x000000000000007f       0x80 Drivers/STM32F1xx_HAL_Driver/Src/stm32f1xx_hal_rcc.o
 .comment       0x000000000000007f       0x80 Drivers/STM32F1xx_HAL_Driver/Src/stm32f1xx_hal_rcc_ex.o
 .comment       0x000000000000007f       0x80 Drivers/STM32F1xx_HAL_Driver/Src/stm32f1xx_hal_uart.o
 .comment       0x000000000000007f       0x80 Src/adc.o
 .comment       0x000000000000007f       0x80 Src/dweet.o
 .comment       0x000000000000007f       0x80 Src/esp8266.o
 .comment       0x000000000000007f       0x80 Src/esp8266_ll.o
 .comment       0x000000000000007f       0x80 Src/gpio.o
 .comment       0x000000000000007f       0x80 Src/main.o
 .comment       0x000000000000007f       0x80 Src/stm32f1xx_hal_msp.o
 .comment       0x000000000000007f       0x80 Src/stm32f1xx_it.o
 .comment       0x000000000000007f       0x80 Src/system_stm32f1xx.o
 .comment       0x000000000000007f       0x80 Src/usart.o
 .comment       0x000000000000007f       0x80 Src/util.o

.debug_frame    0x0000000000000000     0x18ec
 .debug_frame   0x0000000000000000      0x1ac Drivers/STM32F1xx_HAL_Driver/Src/stm32f1xx_hal.o
 .debug_frame   0x00000000000001ac      0x2a4 Drivers/STM32F1xx_HAL_Driver/Src/stm32f1xx_hal_adc.o
 .debug_frame   0x0000000000000450      0x164 Drivers/STM32F1xx_HAL_Driver/Src/stm32f1xx_hal_cortex.o
 .debug_frame   0x00000000000005b4      0x154 Drivers/STM32F1xx_HAL_Driver/Src/stm32f1xx_hal_dma.o
 .debug_frame   0x0000000000000708       0xfc Drivers/STM32F1xx_HAL_Driver/Src/stm32f1xx_hal_gpio.o
 .debug_frame   0x0000000000000804      0x188 Drivers/STM32F1xx_HAL_Driver/Src/stm32f1xx_hal_rcc.o
 .debug_frame   0x000000000000098c       0x6c Drivers/STM32F1xx_HAL_Driver/Src/stm32f1xx_hal_rcc_ex.o
 .debug_frame   0x00000000000009f8      0x508 Drivers/STM32F1xx_HAL_Driver/Src/stm32f1xx_hal_uart.o
 .debug_frame   0x0000000000000f00       0x64 Src/adc.o
 .debug_frame   0x0000000000000f64       0x58 Src/dweet.o
 .debug_frame   0x0000000000000fbc      0x25c Src/esp8266.o
 .debug_frame   0x0000000000001218       0x74 Src/esp8266_ll.o
 .debug_frame   0x000000000000128c       0x38 Src/gpio.o
 .debug_frame   0x00000000000012c4       0x6c Src/main.o
 .debug_frame   0x0000000000001330       0x2c Src/stm32f1xx_hal_msp.o
 .debug_frame   0x000000000000135c       0xc0 Src/stm32f1xx_it.o
 .debug_frame   0x000000000000141c       0x30 Src/system_stm32f1xx.o
 .debug_frame   0x000000000000144c       0x60 Src/usart.o
 .debug_frame   0x00000000000014ac       0x2c Src/util.o
 .debug_frame   0x00000000000014d8       0x2c /home/tpv/Ac6/SystemWorkbench/plugins/fr.ac6.mcu.externaltools.arm-none.linux64_1.15.0.201708311556/tools/compiler/bin/../lib/gcc/arm-none-eabi/6.3.1/../../../../arm-none-eabi/lib/thumb/v7-m/libc_nano.a(lib_a-init.o)
 .debug_frame   0x0000000000001504       0x28 /home/tpv/Ac6/SystemWorkbench/plugins/fr.ac6.mcu.externaltools.arm-none.linux64_1.15.0.201708311556/tools/compiler/bin/../lib/gcc/arm-none-eabi/6.3.1/../../../../arm-none-eabi/lib/thumb/v7-m/libc_nano.a(lib_a-memcpy-stub.o)
 .debug_frame   0x000000000000152c       0x28 /home/tpv/Ac6/SystemWorkbench/plugins/fr.ac6.mcu.externaltools.arm-none.linux64_1.15.0.201708311556/tools/compiler/bin/../lib/gcc/arm-none-eabi/6.3.1/../../../../arm-none-eabi/lib/thumb/v7-m/libc_nano.a(lib_a-memmove.o)
 .debug_frame   0x0000000000001554       0x20 /home/tpv/Ac6/SystemWorkbench/plugins/fr.ac6.mcu.externaltools.arm-none.linux64_1.15.0.201708311556/tools/compiler/bin/../lib/gcc/arm-none-eabi/6.3.1/../../../../arm-none-eabi/lib/thumb/v7-m/libc_nano.a(lib_a-memset.o)
 .debug_frame   0x0000000000001574       0x70 /home/tpv/Ac6/SystemWorkbench/plugins/fr.ac6.mcu.externaltools.arm-none.linux64_1.15.0.201708311556/tools/compiler/bin/../lib/gcc/arm-none-eabi/6.3.1/../../../../arm-none-eabi/lib/thumb/v7-m/libc_nano.a(lib_a-sprintf.o)
 .debug_frame   0x00000000000015e4       0x28 /home/tpv/Ac6/SystemWorkbench/plugins/fr.ac6.mcu.externaltools.arm-none.linux64_1.15.0.201708311556/tools/compiler/bin/../lib/gcc/arm-none-eabi/6.3.1/../../../../arm-none-eabi/lib/thumb/v7-m/libc_nano.a(lib_a-strncmp.o)
 .debug_frame   0x000000000000160c       0x30 /home/tpv/Ac6/SystemWorkbench/plugins/fr.ac6.mcu.externaltools.arm-none.linux64_1.15.0.201708311556/tools/compiler/bin/../lib/gcc/arm-none-eabi/6.3.1/../../../../arm-none-eabi/lib/thumb/v7-m/libc_nano.a(lib_a-strstr.o)
 .debug_frame   0x000000000000163c       0x90 /home/tpv/Ac6/SystemWorkbench/plugins/fr.ac6.mcu.externaltools.arm-none.linux64_1.15.0.201708311556/tools/compiler/bin/../lib/gcc/arm-none-eabi/6.3.1/../../../../arm-none-eabi/lib/thumb/v7-m/libc_nano.a(lib_a-nano-svfprintf.o)
 .debug_frame   0x00000000000016cc       0x60 /home/tpv/Ac6/SystemWorkbench/plugins/fr.ac6.mcu.externaltools.arm-none.linux64_1.15.0.201708311556/tools/compiler/bin/../lib/gcc/arm-none-eabi/6.3.1/../../../../arm-none-eabi/lib/thumb/v7-m/libc_nano.a(lib_a-nano-vfprintf_i.o)
 .debug_frame   0x000000000000172c       0x28 /home/tpv/Ac6/SystemWorkbench/plugins/fr.ac6.mcu.externaltools.arm-none.linux64_1.15.0.201708311556/tools/compiler/bin/../lib/gcc/arm-none-eabi/6.3.1/../../../../arm-none-eabi/lib/thumb/v7-m/libc_nano.a(lib_a-memchr-stub.o)
 .debug_frame   0x0000000000001754       0x38 /home/tpv/Ac6/SystemWorkbench/plugins/fr.ac6.mcu.externaltools.arm-none.linux64_1.15.0.201708311556/tools/compiler/bin/../lib/gcc/arm-none-eabi/6.3.1/../../../../arm-none-eabi/lib/thumb/v7-m/libc_nano.a(lib_a-nano-freer.o)
 .debug_frame   0x000000000000178c       0x2c /home/tpv/Ac6/SystemWorkbench/plugins/fr.ac6.mcu.externaltools.arm-none.linux64_1.15.0.201708311556/tools/compiler/bin/../lib/gcc/arm-none-eabi/6.3.1/../../../../arm-none-eabi/lib/thumb/v7-m/libc_nano.a(lib_a-nano-mallocr.o)
 .debug_frame   0x00000000000017b8       0x3c /home/tpv/Ac6/SystemWorkbench/plugins/fr.ac6.mcu.externaltools.arm-none.linux64_1.15.0.201708311556/tools/compiler/bin/../lib/gcc/arm-none-eabi/6.3.1/../../../../arm-none-eabi/lib/thumb/v7-m/libc_nano.a(lib_a-nano-reallocr.o)
 .debug_frame   0x00000000000017f4       0x2c /home/tpv/Ac6/SystemWorkbench/plugins/fr.ac6.mcu.externaltools.arm-none.linux64_1.15.0.201708311556/tools/compiler/bin/../lib/gcc/arm-none-eabi/6.3.1/../../../../arm-none-eabi/lib/thumb/v7-m/libc_nano.a(lib_a-sbrkr.o)
 .debug_frame   0x0000000000001820       0x30 /home/tpv/Ac6/SystemWorkbench/plugins/fr.ac6.mcu.externaltools.arm-none.linux64_1.15.0.201708311556/tools/compiler/bin/../lib/gcc/arm-none-eabi/6.3.1/../../../../arm-none-eabi/lib/thumb/v7-m/libc_nano.a(lib_a-mlock.o)
 .debug_frame   0x0000000000001850       0x20 /home/tpv/Ac6/SystemWorkbench/plugins/fr.ac6.mcu.externaltools.arm-none.linux64_1.15.0.201708311556/tools/compiler/bin/../lib/gcc/arm-none-eabi/6.3.1/../../../../arm-none-eabi/lib/thumb/v7-m/libc_nano.a(lib_a-nano-msizer.o)
 .debug_frame   0x0000000000001870       0x5c /home/tpv/Ac6/SystemWorkbench/plugins/fr.ac6.mcu.externaltools.arm-none.linux64_1.15.0.201708311556/tools/compiler/bin/../lib/gcc/arm-none-eabi/6.3.1/../../../../arm-none-eabi/lib/thumb/v7-m/libc_nano.a(lib_a-reent.o)
 .debug_frame   0x00000000000018cc       0x20 /home/tpv/Ac6/SystemWorkbench/plugins/fr.ac6.mcu.externaltools.arm-none.linux64_1.15.0.201708311556/tools/compiler/bin/../lib/gcc/arm-none-eabi/6.3.1/../../../../arm-none-eabi/lib/thumb/v7-m/libnosys.a(sbrk.o)
